(dp0
S'bad'
p1
(lp2
V  So disappointed the other team forfieted Anyone know a someone who can help a brotha out with  to  $S just for a month  
p3
aV  AstonMartin1993 $wag  
p4
aVT3b 7ali o jw thag $helik $R f 9dra wana min z7mat lashwag a5af amot o ma tdr
p5
aV@tapbot_paul @alanQuatermain let $X = 5
p6
aV  $CALL me So I can get it juicy for ya ;)  
p7
aV@honeysuckleme93 who got $HOT ? Lex *
p8
aV  If inside while loop script error binbash  var  x1  while [ $X lt  ]  do  echo Welcome $X times  v   
p9
aV@SarahWints two of your seven favorites are me. $wag
p10
aV"So When A Nigga Got $WAG , He Should Be Able To Walk Around Like He The Shit . - #TheEnd ."
p11
aV  Ya girl is bout to be makin BANK $D  
p12
aV  We born to die $o i get high like Im born to fly  
p13
aV#FamousLies "I'm a rapper", $URE my nigga just like da other million people on #twitter claiming dey r
p14
aV  Fuk fuk fuk  Cant typw worth shit $AN   
p15
aV  ElijahStudios $O LYKE WUT DO YOUH WUNNA TALK ABOUTT  
p16
aV boutta $END this text w. a list of regrets... 
p17
aV  Just got a call from the big money man He said he needs me $O that means Money Money MoneyMonney  
p18
aV  Im $tunting ImOnAMission $O Ridiculou$  
p19
aV$HE real bad lesbian......
p20
aV =__= and $he telling me to $tay up and $hxt RT @xo_JaeLaigh: Ctfu  niy is k/o'd ! RT@Mvccin_CASH: Janiyah better call me -_- 
p21
aV@SAVEDbytheRELL haha , $HE said thankyou cookie muahahaha :*
p22
aV got her saying that's my dick like $HE rented it ;) 
p23
aV  SouljaBoy $WAG  
p24
aV  AsToldByMe  $o you thought   
p25
aV  RT if you think Filipinos got the most $WAG  
p26
aV  Finland  in   more $S into S chosen tasks w tchrs as coaches Via ShellTerrell IPads inHS   
p27
aV  RT DaCoolKid DecipherThis u chll w  dff3r3n n99 3v3ry n3 $O who  $ on3  
p28
aV"Why Are The Cutest Guys Gay ?! , Like Did Yu Look At Yurself In The Mirror $o Muchh Yu Became Attracted To Yur Own $exx ? #Unfair !"
p29
aV  Photo $WAG $urfin   
p30
aV  RT Stayfavorite domomendoza damn right homie (; ahah $WAG $WAG  
p31
aV  Pretty girl $WAG haha off work   
p32
aV  Jus woke upp from myy napppp tht hoee was too much $wag  
p33
aV i hate when niggas be like oh you other niggas ruin girls they $O hard to get now . they not hard to get . . . ya game basic as fuck 
p34
aV @chanceknowitall Aww Love Happy Birth Day #BbyCake$ Idunno You* But i Know Your Brother @pr_Langston lmaoo . (: $WAG - Lilyg310 
p35
aVIyh a . Pasti itu mh hrs sabar :(( RT @Britpop_boy: Ya allah sing sabar nya $RT @niisazahra: Udh a td d suntik tetanus 2x pas d rumah sakit
p36
aV Woa Im $low Right Now  Imma Do The ricky Bobby $top #SWAG eY eY 
p37
aV@THICKtionary $R U FROM PHILLY
p38
aVIt$ almo$t @DjRowdyA & @RobKardashian ;X $WAG - A* Li$t Lily Karda$hian* &#40;:
p39
aV  who wanna $uck my $WAG   
p40
aV @TheLifeOf_Cali $HE got my respect  idc that's a brave move $OME rocky shit she tryna pull off .lol 
p41
aV $M TEF #bolsacom
p42
aVWHY ??? ARE YOU USING ANY $GOOG PRODUCT THAT IS CONNECTED TO SEARCH &gt;&gt;&gt; #MARKETING ??? YOU SCREW UP SEARCH. LIKE I DO
p43
aVI AM &gt;&gt;&gt; BRANDING &lt;&lt;&lt; $GOOG SEARCH SO HARD IT IS IDIOTIC . http://t.co/dEUoBgP
p44
aV"RT @Lovelykale: LmfaoRT @AishhKoshh People who still type like this ---&gt; ""I aM $o HeLlA GhEtTo... mII boii Iz sO GaNgStA"" &lt;&lt;&lt ..."
p45
aV gotta give $OME other people a chance . . 
p46
aV  I GOT $O MANY YOU COULD NEVER BE MY ONLYI AM PICKY DAMN IT  
p47
aVRT @Bama_McKluskey: The trees died, $CAM lied, Roll Tide! #PureGold
p48
aV  RollinStonedd  $O you can take time out your busy life to sit down  enjoy time with your family  love ones  
p49
aV Im Really Fucked Off Cau$e I Downloaded The Whole Dragon Ball $AGA & $OME Of The Chapter$ Can Not be Converted In  to A VOB File #Swag 
p50
aV  JuliaGillardwe need the Banana fibre not your blasted Telecom fibre Give us the $3 per kilo stuff not the $X per kilobyte shit  
p51
aV Rise N Grind I Wake Up To Get My Cake Up $WAG 
p52
aV @IamMicN3 That Indigo V Looked $HOT Out In Per$on Wit* & Lookd like $HE Beat Her Face Wit* Make-up When I Told U $HE Wa$ Cute ;D 
p53
aV  devinkielle lol miss ya to Ms IDK $wag  
p54
aV  Radd $WAG Gang  
p55
aV  Chicken noodles  $WAG  
p56
aV  sexxiisession yo my hoMeGirL DisBitchIsBadAF $aid U Waz $EXI af $O I had to FoLLoW FoLLoW bacx  
p57
aVFxk Dat Nigga That Chu Love $o Bad!
p58
aV   lt;php $aotak $bkepikiran $cdata $dphp echo $a masih $b $c $d; gt; lt;br gt; lt;brgt;   
p59
aVON LINE (: WAKE & BAKE I GOT THAT DRO* & DRINK$ ON ME* $WAG TXT IT* 562-206-4051 - @lilyg310
p60
aV @xoLifeAs_Jo lmao  i love it when you got an attitude  $HIT funny 
p61
aVLast day. $wag me out 2 times
p62
aV Writing New Music $WAG 
p63
aVRT @woonpie: 2PM U GOT $WAG
p64
aV  iM $O CoNfU$3d  
p65
aV  MaybachMusicGrp  $C  
p66
aV  TeamNoSleep $P  
p67
aV  RT svetlanabanana ASIAN DOMINATION $WAG  
p68
aV$E quer meeu amo0r, eu te dareei, sem medo de errar (8)
p69
aV- $OME People are Too Childish !
p70
aVhttp://t.co/mdPp3g2  @broadstreview : RE : THE #RAPE OF  WOMEN. : #Apology + #Retraction + #ASSHOLE. I ALSO know the $GOOG SEARCH ALGORYTHM.
p71
aV  When I first met JojoTaughtYou I grabbed her booty $WAG  
p72
aV"RT @LabelMe_TORRIE: Hustle till night falll, & party tilll $un Rise ,!"
p73
aV  $WAG Team   
p74
aV  moneyhigh is sooo diverse from Canadians to Asians $wag  
p75
aV@dlsteez's new $WAG look. C/o @rmcbeezy and I. http://instagr.am/p/GP_bD/
p76
aV  itslouieebxtch $WAG  
p77
aV  OBEYonurKNEES $WAG i wanna take a pic like this wit oomf  fuckinnn waveyyy  
p78
aV  $o if SarahPalin quits the tour does $he get to keep the money  
p79
aV  I get high because I feeel like it $WAG   
p80
aV  Omg i would $o throw it  the wall but i need it for now to lazzy to go to front of my crib to get ma otha celly 40; bible  
p81
aV $OME girls be looking extra thinking they outdoing everybody :/ 
p82
aV @xo_SpanishFly smh  it's never good enough for $OME people . 
p83
aV #oomf omg  ass fat iscell and $HE Spanish. 
p84
aV  Check this video out  Crazy $wag X Marilyn Monroe  via youtube  
p85
aV@dcexaminer... This paper is FULL of $HIT just like Faux News.Worthless!!!
p86
aVIma be able to do anything I want for the next couple of weeks Report Card $WAG
p87
aV  anestrydom Im $O foine bb gal Was nothing out of the ordinary (except that redneck film about cats)  
p88
aV $HE big iscell on Maury  with a purple shirt . She look like a mcdonalds character . 
p89
aV  My little sister txtd me if she can have 10$  I havent even touched bases with windsor yet These kids going to pull all my $O ff my tree  
p90
aV  RT toriiboo $wAg M3 Th3 FcK 0ut   
p91
aV Thi$ Right Here I$ My New $weater (Pretty Boy $wag Beat) #Swag 
p92
aV @pr_Langston Im $ad ;' $O No $WAG! 
p93
aV"- The Good Die Young , $o Imma Need A Thug Wife !"
p94
aV RT @LaSGueraSDelTri: @pr_Langston $$$$$$$ Nice Bio Btw*$ (: lmaoo My $on  Wa$ Born 07-27-2007 dunno Why iNotice $mall Thing$  Like Tha ... 
p95
aVIfeel like $ingin. I'm $o glad you guy$ cant hear Me.
p96
aV  RT ThunderCuntx3 $WAG  
p97
aVI kno I got ASS cuz u can see it from da side n my zetti voice...II $O RICH DAT
p98
aV@_Grow_A_Pear @_TheDreamWeaver its funny how you tell people its a v8 when its clearly a v6 #biatch lol you even offered us $TO say its a v8
p99
aV@TaviTaughtYou @tiara_white1 @TishaJae_x33 @tr3_ON @Tre117 @Pdub80 @Pretty_BlaQ @PRISSYBABI @pup1632 @PrettyCarmenS $wag http://t.co/JzUKN5b
p100
aV  Ke$ha $TAN  
p101
aVPhoto: BO$$  $HIT ($$$] http://t.co/MBq3o72
p102
aV  Gunrunner Tax $S stolen  spent  perpetuate a lie that wld B used  steal the rights of the Americans from whom the $S wr stolen tcot  
p103
aV  FRESHMYDUDE BOSSOFDABLOCK imjustfox LikeButtaBabi streetfam231  $F whats going on  
p104
aV@_SourPie $o u bi$exual then??
p105
aVI like the bowling shoes look $D gonna school some kids at bowling real quick
p106
aV  RT JuliansSexy new profile fucking $WAG bro thanks to KushNatiion I freaking love you lol  
p107
aV murder $O wrote 
p108
aVMy TL Is $o Dead
p109
aV@__ItsNATE lol I'm good I like one chick u might know who no names doe but other than that I'm chilling u know the $WAG be snagging em doe
p110
aVI do it (big sean voice ) $WAG on a zillon
p111
aV @Golden_Barbie @TheRealJuliann @TrueASSmo That$ fucken Cute Af :D Buahahahahah NO $WAG ! via @LaSGueraSDelTri  @KardaShianLily 
p112
aVTi$a $wag http://instagr.am/p/GGWg0/
p113
aV@nachibenza ptm te amo hay que salir al cine y no ver la pelicula, sabes a lo q $E refiero
p114
aV"@DaddyCreaammm you got my TL all excited nshit, $WAG aha."
p115
aV  Come Get That $WAG   
p116
aV"He $moke Da Best Bud I Got Him A Badd Bitch , I Got Him fly Dis Lil Neva Had $HIT ! $O He Look At Me Like A Father Figure"
p117
aV  Rt RAiiNBOWKiiSS3S act like a lady IN public Lol Not playing with that as lol )) lol im not in public tho im at tha crib  $O na (  
p118
aV  JayMacKillsZ FACT You Nedda Come To My Hou$e More Often $O We Can Go To DisneyLand Again )  Your Tia Lupe lol $wag  
p119
aV  Fat bagg $O I can chill at home wit tay)  
p120
aV  RT aeeewill RT SuckMeSlow Rick Ross has the most $wag  
p121
aV hate when girls wear heels knowing they got toe jam and $HIT ! ! 
p122
aV  Shawty Wetter than a Pool   $O I dive up Im Her AquaYellowBone  
p123
aV  $DANG  DANG Wish i had more $$$ to add   
p124
aV@TRAKDEALAZ I can $end u $ome $ong$ 2 $o U Can $ee how hard I get with the$e Bar$. $o u can $ee you're not wa$ting your time ....
p125
aV$o Not When Eb & Josh $aid We Act A Like lol @xo_JaeLaigh
p126
aV  lmaoo I figured it out RT DaCoolKid DecipherThis u chll w  dff3r3n n99 3v3ry n3 $O who  $ on3  
p127
aV @TixpsssyDoll Life & i$$h ! $O That'$ When Jay R Came Through My Hou$e Like 20+ Head$ Deep & We Dipped For That Party & Beer Run & That$ 
p128
aV  RT oga mi $IR ayooluwaadebanj Baba agbalagba I dey hail ookenlotti RT mornin CEO ayooluwaadebanj Mornn yll  
p129
aV  turn my $WAG on sodmg  
p130
aV$hot$ $hot$ $hot$ $hot$ $hot $hot $hot$ $hot$ $hot$ $hot$ $hot$
p131
aV$wag RT @dstar_: Just found out @JLOWEEE works at hooters #boobies !!!! $$$$
p132
aV  kusjeDeborah Hehe $x  
p133
aVIm $tunting #ImOnAMission $O Ridiculou$
p134
aV  Still on myy wavebut qottta qrind in da AM $O qooood niqht   
p135
aV  I still cant figure out how this twitter shit works   stukidass $WAG  
p136
aV  cornyPickupLines girl you $O $weet  you ka put Hersheys outta business  
p137
aV  $O mi team bout to pick what we bout to do DC  
p138
aV $ex not fun if don't know how to throw ya $HIT back =___= 
p139
aVCame home from practice and my bro had some BWW wings sitting on the corner for me $WAG :)
p140
aV RT @LaSGueraSDelTri: @wisinyyandel $aludo$ A* Mi #Cunadito @GadielElGeneral Hermano De Yandel $WAG (: via @lilyg310 @KardaShianLily 
p141
aV  ShayyNcredible $WAG LFE   
p142
aVBot starter in $UCO @ 38.60 (small)
p143
aV my circle of friends be the $AME since I was 12 . trust them niggas 
p144
aV  tohio $WAG building right side of baselooks very good  
p145
aVi wish i had some breakfast and head...opppsss i mean breakfast in bed...twitter tripping again making me type crazy $HIT lol
p146
aV lmao when pudding gass people $HE be funny ! 
p147
aV  CSwag220 New name $WAG  
p148
aV  MoneyHighGTuck lol in the $WAG videocommercial  
p149
aV  Add Mee Onn Faceboook ; iBarley Evenn Fuucks Wit Twitter ` $MHH ; $O Add Me On Facebook ` Dazhanae Bee   
p150
aV @WhyYouSoUgly_ because I kno him and just $aw him last week  $HIT crazy 
p151
aV RT @LaSGueraSDelTri: @NickCannon $hout$ Cu$ Im Good Wit* Making A* Couple $tack$ Once A* Week :) $WAG ! Via @YMLGDT @lilyg310 
p152
aVIndividuality &gt; RT @Vintage_william: $tyle &gt; $wag
p153
aV$IWM doji looks very nice.
p154
aVKan pemain bola :) $RT @BonskayBFF: @dwfailed @Aryowj ngapa jadi ngomongin sagna ???
p155
aV  Y0NiGHTMARE SO so So so s0 $o SooOOoOOoOOoOOoooo  
p156
aV  LilithQueroC mentira LilithQueroC Mi hermano RT casi todos mis twtts $x  
p157
aV @FancyMsLondon $l 
p158
aV #worththewait Thi$ $LOW Journey #Swag 
p159
aVVia @AdolfoBlanca: #Bolsa #Mexico: El soporte #IPC est ms que claro en 31,750 pts.  Cualquier baja a esa zona es compra. $EWW en $54.98
p160
aVMaana te hago $a @Cmiloyepes
p161
aV  Pinoyfreshstyle d pde $AM  
p162
aV#ff @JulieeMOANS cause she has $WAG ;D&lt;3
p163
aV- $o simone got tatted ? O_o
p164
aVIt$ $o cold today hewwwww
p165
aV  Old RT RobKardashian ZzzzzZzzz Via lilyg310 Now Playing EddieMontilla Young Money Client$ $wag ( LilTunechi  
p166
aV@ThemPRangers $WAG BE GOOD DADDY$ (: $MOCHE$ VIA #KARDASHIANBARBZS LOL
p167
aV" $WAG sURrfin "" b!+cH "
p168
aV"#JuliaGillard..we need the Banana fibre not your blasted Telecom fibre. Give us the $3 per kilo stuff, not the $X per kilobyte shit."
p169
aV@lkingdatni99a $wag !
p170
aVsmile- avril lavigne $NP
p171
aVproblem with putting $HIT away is, you cant find it when you need it, so #FTP
p172
aV when $HIT the fan  you find out ya riders  and who truely fck with you . . . 
p173
aV @LabelMe_TORRIE $O Why We Havent Chilled Yet ? 
p174
aV @TixpsssyDoll Na. $WAG Cu$ I Been Texing u* :) & u* Like Been Laggin $ince u* Got Wifed Up . Bu$ting A* Lily Flower ;* Or Wha? But Umm Yea . 
p175
aV @attYC $panks For Inviting Me* To Your #Wedding & Txting $WAG ! More Like NOT !! $HMN . 
p176
aVlook out for $wag turn up mixxtape by dj andie later on today and two new mixtapes by @djhassankenya ....
p177
aV  DAMN DANA ON MY DICC ( $O $AD ( CAMERON VOICE )  
p178
aV  Mannysexual $O Fre$h  
p179
aV @Simply_Me_xoxo watch ya tone ! and oh yeaa  lmao $OME much for magic ya $hxt be dying 
p180
aVMy nigga not crazy babie no more its crazy $wag thanks to my beo @kareem4mayor
p181
aV@JChadHerring  every yr but when they don't do $HIT media just let's it slide....and that's Wat grinds my gears lol #footballisclose
p182
aV  RT MoneyHighBS Come Get That $WAG   
p183
aV- Wow . . Me & My Fam Jus Had A #HUGE Discussion About What Celebs Have $WAG LOL . . .
p184
aV @Prettyboiiswag2 lmao you be chilll  pigs starting to come down . . aint nbdy $AFE ! 
p185
aV$wag me out! Gone now I don't know how to act!
p186
aV $O $UCK ME ! ME LA PELAN :) 
p187
aV @Eminem   #Stan* (Short Version) ft. Dido http://t.co/eDmBs3n via @LaSGueraSDelTri @KardaShianLily ;' Tear $WAG ! 
p188
aVBad Boy $C
p189
aV  InkedMyBodyDee got dat twiticon $wag haha  
p190
aVjavascript for my $f ( qw( id name date ) ) { ... } 
p191
aVRT @Montia84 @DaKidGetta Sup Kid.... $WAT it do$
p192
aV $HE gotta big ol ghetto booty ( pops voice ) 
p193
aV  TheRealDJKhaled  $C  
p194
aVBust a nut in her belly buttonn and leave a cum pool. Thts $wag
p195
aV  $o No Need Ta $tay Up Now  
p196
aVKkkk. RT @alexandrecintra Muito bom.... kkkk... RT @cariatti: RT @stmaruki Exemplo de uso do C++ no PHP: for ($C = 0; $C &lt; 10; $C++)
p197
aV  RT RoyalByLoyal TeamFollowBack ( $WAG ]  TeamFollowBack ( $WAG ]  TeamFollowBack ( $WAG ]  TeamFollowBack ( $WAG ] TeamFollowBack   
p198
aV  IC0NicBelieber officialjaden ilovee Jadenn  $o He Must Ne Doing Sum Ritee  )   
p199
aV  $WAG $WAG $WAG RT DTheBest22 Escoe Id get a gumby lol  
p200
aV#shoutout to the awesome Dude with $wag @OhhhMyBasedGod &lt;&lt; Gotta Love His TWEETS (; &lt;3
p201
aVExemplo de uso do C++ no PHP: for ($C = 0; $C &lt; 10; $C++)
p202
aV$o Cute &gt; &lt;
p203
aV RT @LaSGueraSDelTri: #BBYCAKES @pr_Langston ;* ONE MORE YEAR & YOUR LEGAL LMAOO .   #HappyBdayLangston  $WAG ;D via @lilyg310 
p204
aV@r1cky eso nunca va a suceder, en fin... por lo pronto a ganar plata con $MMI
p205
aV#liblogic : Question companies on what they do w/their profits while allowing #obama to spend tax $s freely with no questions asked #tcot
p206
aV  KillyourselfPleez RT TrendingU $WAG $WAG $WAG $WAG $WAG $WAG $WAG $WAG $WAG $WAG $WAG $WAG $WAG $WAG $WAG $WAG $WAG $WAG $WAG $WAG $WAG  
p207
aV  RT DaCoolKid DecipherThis u chll w  dff3r3n n99 3v3ry n3 $O who  $ on3  U CHILL WITH A (cont)   
p208
aV #dontbemad you ate out ol girl than found out $HE was jump 
p209
aVThey got a splashless bleach $wag
p210
aV $OME niggas from NY be country 
p211
aV  Freedmanjazz   great acts but comes down  project Im a soundtravellers girl  have my fans but all incredible musos may the best $A  
p212
aV@luxx_mix Ni yo a tiiii '' Estaba de callejerita $D jijiji...
p213
aV  RT TheNamesJT So much $WAG RT stepMom im wearing my Fubu outfit to the fireworks diditonem crispy  
p214
aV@DeepakChopra $l
p215
aV"Oops , Come Thisssss Way $IR ;)"
p216
aV  my $O iCey eNt avi  
p217
aV@MissAelaU iPhone $wag
p218
aV But I Will Donate My Million$ When Im A* Billionair... Oh Cu$ Im On My Way $o Dont Clo$e That Gate Im Alway$ A* Bit Late It$ Mu$ic F Bby* 
p219
aV $HIT is crazy  tomorrow aint promised for NOBODY ! 
p220
aV  SHOUTOUT to all my Hayward Oakland $F  San Jo followers   
p221
aV"@MOOBER we run a first class show, this is a shit show. $$ $SPY $TURDS"
p222
aV  RafitaHerreraM pakirojr ants d comprar 1glucomtro(q solo es1gasto)pregunta $D lanctas y tiras q es lo q mas consumiras   
p223
aV"RT @_LYRICkhyXO: Work at 4 , and I don't even want to go today -___- // shxt I would take ur $POT lol"
p224
aVYou already know! RT @NateBayLee4 RT @YoSoy_ElleBee: They done moved me to corner... Uh oh! Let's Go Shut $HIT Down
p225
aV  um $O far ahead  
p226
aV  RT malikbechilling Dont like me then why the fuck you following me Bitch  thats some $wag for that ass  
p227
aV"REPSOL, SEGUIMOS CON LAS MISMAS    es que estas sesiones atrs marcabamos con esos 21.80 euro... http://bit.ly/jeoo3S"
p228
aV  $O Who I$ Going  EpicFest  
p229
aV  Follow cuhhbechilling Her name is $WAG  
p230
aV@DickieV is it luck or that he's the starting QB for a top 15 team. Absurd that he is still in school. $EC only cares about winning
p231
aV @pr_Langston I bet can pull more bitche$ ! :) wait i forgot ur not ur average Joe $WAG . You #LangLang Titty Bang Bang* ;D lmaoo . Ayeee* 
p232
aV  WTB a set of techie Community Chest cards You fatfingered some SQL and swallowed the exception Pay $X to bank  
p233
aV Aunque la lluvia y las montana$ caigan llo $iempre te amare $O baby A*$ $tand by me* - @LaSGueraSDelTri 
p234
aV"Money $L ""Ass For Days"" -  http://t.co/syESnMJ"
p235
aV  Makesmehappy $A V4  x3  
p236
aV Im $O Tired Gonna Take A* $hower To Relax & Then Li$ten To My $tation @POWER106LA On www.Power106.com - @LaSGueraSDelTri 
p237
aV I just be wondering is it hope for $OME people . . . 
p238
aV  Bout to make em fuck for a buck holla foe a $DO something strange foe a piece changebout to make it rain nickels n dimes with Cupck309  
p239
aVRT @alefernandezbit: Lalito dice "centabramos" en ves de "centimetros" jajajajajajaj / que $ADRE $rima
p240
aV  RT TeThaDon KillyourselfPleez RT TrendingU $WAG $WAG $WAG $WAG $WAG $WAG $WAG $WAG $WAG $WAG $WAG $WAG $WAG   
p241
aV  SpeakerBoehner  800days 4jobs 2futures Really Trillions of $S on sideline   Black unemplChamber businesses not hiring no consumers  
p242
aVa fait une semaine que $a mre a pas fait de lessive
p243
aV$WAG RT @_BITCHIMBACK: I'm real horny right about now.!!
p244
aV RT @LaSGueraSDelTri: @TheRealJuliann No $WAG Let$ Try Gucci ONE$ OR MAYBE BOTH* Dont trip i got you* if not ill get Loui$ Number & Make  ... 
p245
aV Im $tunting #ImOnAMission $O Ridiculou$ 
p246
aV  Black Ops $wag x Trolli$  
p247
aV that's my $HIT RT @xo_astoldbytay: I finally found a passion that I lacked before. 
p248
aV"now that @chrisbrown dyed his hair blonde , so does everyone else . DAMN , chris has $wag !"
p249
aV  $o muCH $mok3 n33d oxyg3n  
p250
aV#np pretty boy $wag  lol
p251
aVFrom JT with $WAG
p252
aV@BeenOriginal ' $R ?
p253
aVEen HTC in een bb hoesje $wag
p254
aV  Gee27 $X  That Sucks Dude  Iyy   Imm Sorry  How Did It Happen   
p255
aVGhost Face Killer on WTT - Lift Off "This $HIT is like Shia LeBeouf in song form yo"...brilliant LOL
p256
aV  RT heythereleonard RT if you think Filipinos got the most $WAG  
p257
aVNobody needz nobody!! All I need iz me and my dawgz nigguh $o fuk all of yall!! #BoomBam #juztlikedat #TeamMemphisPimpin
p258
aV  ItsTitoYaDig1 $upa $wag $hawty layin niggas out or what  
p259
aV  Never Been Called A  Nigga  $O Many Times In Ma Life   
p260
aV  Philly $WAG  
p261
aV  Im $o Tit4Tat  
p262
aV  Random naked pictures in my messages $WAG  
p263
aV RT @LaSGueraSDelTri: ;X No Que$tion$ Plea$e !! I @lilyg310 ;X No Comment$ About Our Babe$ From  El Tri Atlea$t Not On Any Of Blog$ $o Bu ... 
p264
aVSipp dahhh haha $RT @angeliafkilaaa: Nanti kalo gue ketemu lagi. gue foto dahh RT @fadhlillahanin: tetep ajaaaaa (cont) http://t.co/K2rxKlG
p265
aV"20Million $s worth  a MuthaF,ckn LottO Ticket and im Krazy Niqqa Im Insane..!!!"
p266
aV@suelierika Oie $uL
p267
aV  LeeTsunami lml o you got jokez  Im on da openin creditz on dayt too lol $O now you $till gotta deal wit Mee Lol  
p268
aVtht out$ide dXck lee dem hXes sick like uggggggh ilike it like dat she wrkin it bCk ion knw how to act $low motion .
p269
aV  JayLucio Maybe its because of $WAG Overload XD  
p270
aV lmao $OME people really $hotout  
p271
aVRT @Keeek_: @Juuuiiice @Shan_Shan @4him_Iwill @urexchoseme @804Capo @804DoLla2Tru @uGotMyLighter  GOOD MOOOORRNING LOVES! $GM candy thighs
p272
aVHey your $O ugly
p273
aV  Carpet burn $wag  
p274
aV   RT Keezy93 uGotMyLighterGnFr wat da hell iz it  $A cat   
p275
aV  BHLEEPTATTEDAOB $L  
p276
aV  i think $o i am  Vett J  
p277
aVNEYMAR:PORRA $O RYYYYYCO
p278
aV  VaMo siiM  $O comBina uu dia  rsrs Ki filMee vaMos assiSti ;X  
p279
aV  RichKidsClubLA $WAG is Winning also  
p280
aV"LOL as I said Brian Kelly buying $VXX calls. God, seriously, maybe I should put my short back on. @thetradingwife"
p281
aV  $X stopped   
p282
aV  $um people get $o caught up in life dat they forget to enjoy it becauze it iznt goin to lazt foreva Enjoyitwhileuhere RealShxt  
p283
aV@YuuupimKarla $wag
p284
aVYD gym tomorrow . $WAG .
p285
aV  Boobi3Lynn glad u think $O  
p286
aV  Where pharmas marketing $S piling fast China Went up  last year  according to Cegedim (via pharmalot)   
p287
aV lmaoo . $WAG (: 
p288
aV  Came home from practice and my bro had some BWW wings sitting on the corner for me $WAG )  
p289
aV  RT YoSlimeee RT SouthWrdGvnGsta Facebook $O ass  
p290
aV baby just $uckin me  til you $EE $OME outcome ! 
p291
aV"I $ee You Haterz On The Floor Jockinn My $waG , Im PoppinG Ralph Lauren TaGz And Pourin Champagne In$ide A Polo Glass !"
p292
aV  I $MOKE KUSH  I POP BEANS  IDGAF HOW U FEEL ABOUT ME I $IP LEAN PURE CODEINE  IDGAF WAT U $AY ABOUT ME RT  
p293
aV  boys on my sh when i pretty girl $WAG  
p294
aV  $WAG $WAG $WAG  you all are the fucking be$t  
p295
aV  ihandleminez Naw I $aid I wuz 3atin $o u gotta wHip dat $Hyt  Handl3 dat  
p296
aV $OME girls on my TimeLine Are Jst Weird .  . . 
p297
aV  dindyya ndk dpt awan p mntion $O nte   
p298
aV  justbecause you wear polo dont mean you got $wag  
p299
aVWide pussy ain't a wave $low down ladies.
p300
aV  Photo $WAG     
p301
aVOn a liter note I LOVE MY $WAG AND THE WAY I DRESS #PRICELESS
p302
aV  GotEmFenin4Moe Nun Bored Why You Up $O Early    
p303
aV$AEO could go soon http://i.imgur.com/mMV41.png
p304
aVVans trucker snapback $wag  http://lockerz.com/s/112703878
p305
aV$o Narrick til the death of me! 6-22-10 = the worst day of my life!
p306
aV$IF I used my vagina as much as my mind I'd Rule You All.$
p307
aV I Wear No Make-Up Unlike How $HE Look In Per$on I Look Way Better !  Oh Im Not Gonna Burn That Annoying Little Girl !! 
p308
aV TL was popping last night  $HIT booty today .. 
p309
aVSauna $wag
p310
aVRT @malikbechilling Kid Cudi is  . . . $wag
p311
aVRT @gtotoy: SP500 Read for the Week http://stk.ly/ijyB9N 1st target of 1292 hit $SPX $SPY
p312
aV i heard tht lizzie girl went to party last night tho ? $HE a TROOOPER ! 
p313
aV$FTE Orange, partenaire officiel de lquipe de France de rugby,... http://t.co/ncSS56m
p314
aVOp de bank me $E moeder :o
p315
aV  $DANG was probably just a treeshake  wickjob  screwjob  
p316
aVFacebook $o ass...
p317
aV   Im $O effffen paid I ju$ bought the dollllla $ign   
p318
aV Im ready to throw thi$ piece of $hit celly @ A* bitch$ face fuck getting white iphone4 $wag fuck Blackberry Id Rather G http://lnk.ms/PHCbG 
p319
aV RT @LaSGueraSDelTri: @BritneySpears  http://t.co/kz1WhVg Baby Your* $O Unu$ual Angel Louve Papi ;) $mooche$ via @YMLGDT @lilyg310 Mi$$ @ ... 
p320
aV never ever ! Knock a pretty FAT girl. because $HIT could ina year or two 
p321
aV  Dont like me then why the fuck you following me Bitch  thats some $wag for that ass  
p322
aV  Yooo whiteboytatted bra u got the fliest twitcon pic ever madd $wag I salute followback  
p323
aV  juliaamariani LMFAO well AshiniiK  said $WAG and yee )  
p324
aV  I used to be the sweetest girl in $AN Diego till I thouqht being a bad bitch was better   
p325
aV  Still sick Had some banging haagen das icecream  lt;3 omw to work ; BUS $ALL these bitches is my sons$ nickiminaj AC shortshorts ily  
p326
aV@djreflex * me ! (: @lilyg310 pero a ti no te importa Antonio Jaramillo buahahahah* $wag txt me* punk 562-206-4051 - #LilyKardaShian*
p327
aV"@philipckchan I'm not. Definitely not. I feel bad for him, but I just wish he could've told me sooner. He says he has Fido $s or some shit."
p328
aVThe GOPs Duelin Mormons Square ( & I mean SQUARE)OFF:
p329
aV"LOL seriously, are there any Chinamen stocks that are legit? You know $YOKU is not legit, $HRBN going to zero, $DANG to zero soon too. #SCAM"
p330
aV$O bored rite now
p331
aV  jmorgs21 Start a club  invite some mates you all chip in $X a weekmonth  take turns to have a bet for the club Automates all admin )  
p332
aV @Nequia_Baby585 theres Spanish blacker than me and black people just as light as them $O they needa cut the shit 
p333
aV  Fuk wOrken Outz been have me $o $ore  
p334
aV"Just looked at my call log, and I called my sister at 4:20. $wag (;"
p335
aV$um people get $o caught up in life dat they forget to enjoy it becauze it izn't goin to lazt foreva!! #Enjoyitwhileuhere #RealShxt
p336
aV  $X wont work in the expression CHOP  
p337
aV  I fucced upk alot $O theres alot i gotta learn from   
p338
aV$wAG RT @kilogotdatJUICE *$HOPPiNG
p339
aV  m $O b0R3d  
p340
aV  one time me  kion was on the fone  dis nigga said I Was Tryna Get Some Whomp Whomp On The Bookie Boy ctfuuu now I say it alot  $WAG  
p341
aV  $WAG justinbieber $WAG  
p342
aV  Downloading twilight $WAG   
p343
aV#iLouve you Like iLove My Manager* $wag #iNLouve #NotYet #Hopefully $oon by my Cat Daddy Mac Daddy* (: - @lilyg310 #LKOKY$
p344
aV@MaybachMusicGrp $C
p345
aV  Mensen waarbij hun naam vol staat met  $WAG  slajezelf  
p346
aVWoww nog $AAR 20:o
p347
aV  In order to impress me with your $wag  it needs to be original NOT the typical bs  camos  snapbacks  jays  etc  Be unique  $hwag  
p348
aV  $wag on my dick remix misthawilliams mookidope theonlyiceb  
p349
aVHey - do y'all know about programs that can help you build a point-based program? Like Visa/MC where you earn $X per Y points and use them
p350
aVI'm $O Raw -  @BitoRodgers
p351
aV  silveraimee Hindi te  dun sa office ng mga friends ko kame magstay $AM po ang flight namen bukas Exciting  
p352
aVYD gym today $WAG .
p353
aVMy dad said to go to sleep.....and I was
p354
aV RT @LaSGueraSDelTri: $O many $ucce$ful Men To Choo$e From! But If Id Had A* ChoiCe Id $till Choo$e My Baby @TheRealJuliann Cu$ He$ AMAZI ... 
p355
aVJus got a phone call that swagged out my whole week! Yeeeee! $$$$$$ all day $wag
p356
aVRT @ItsMulaBitch: EARLYYY RT @RamboDaG: Me And My $QUAD Niggas, She Done Fucked Us All.
p357
aV  =D $l
p358
aV   Chaidat fresh body RT crystal0061 Mosquitoes have finished $A body oh   
p359
aV  Start Earning Massive Income Pure CA$H Money Directly Deposited into your account starting today  $X  
p360
aV"@_joaoric af cala a boca mano , $wag"
p361
aVI MI$$ MY HOME $O MOTHAHFUCCING MUCH ..
p362
aV @TixpsssyDoll Man! YOU NEVER HMU OR TEXT BACK ! &gt;;/ & THEY DO ... GTFOH WIT* THAT $HIT ! via @KardaShianLily 
p363
aV r.i.p to $OME of these girls perms . . . 
p364
aV i be on my money $HIT ! you be on some funny $HIT ! never cant dollars bills and I NEVER FUCK A BUMMY BITCH ! 
p365
aV @JayMacKillsZ The  LILYG562@YAHOO.COM $ays Im 17 cu$ it was meant for ur cou$in #FBJoesephBaeza* but he did'nt like the email $o I (Cn't) 
p366
aV @HighFlyin_Byrd he got $HOT  
p367
aV  $WAG  Wes I like your WAG I am more inclined to predict    I hope you are correct though    
p368
aVhttp://t.co/7RnfIc4 Houston $wag
p369
aVso he agreed that its partialy $M fault then RT @iwq09 (via: silis7noy2 @soompi) Also it's not always SM's fault that there schedule
p370
aV  paycheck saturday $WAG  
p371
aVNick had on a bow tie ` $WAG !!
p372
aV$O U $TILL WANNA PLAY DI$ $ILENT TREATMENT GAME WIT ME IIGHT BET..#I GOT U
p373
aVRT @Q_asnquality: @BeatYoTweet Thas ma $HIT put that on repeat!!!!!!
p374
aV  bniLjadi5 $x  
p375
aV@jordanknight that song is the $HIT my fav on the album
p376
aV #SpanishPeopleHobbies making $OME bullshit music than saying TRAAA after =_= 
p377
aV   MaybachMusicGrp $C We live Billionaires 4life MMG   
p378
aV  Grrr  $O goodnight ]  
p379
aV RT @LaSGueraSDelTri: @DJRowdyA :) Back @ Ya' Boo Boo $WAG via @lilyg310 
p380
aV  MichaelSanfiel  I know Im so fresh I have so much $WAG B)  
p381
aVAlmo$t got $ucked in $o deep I wa$ forgetin how to klimb out.
p382
aV  RT tapbotpaul Confirmed iPhone $x will include the more powerful A$x processor and include a 2($x2) megapixel camera and 1282($x   
p383
aV 200% yee* fuck u bitch umm yea they told u me* u beat yo* face like the Mac $quad lol haha* Bible+ $o young damm when i http://lnk.ms/QRSFM 
p384
aV  JTrizz3 aMillZxo fuuuuuuuuuuckkkkkkk single girl $WAG fackin sweeeeeeett braaaa  
p385
aV  I just had a great experience shopping at Victorias Secret at Fair Oaks Mall in Fairfax   Click to get $X off   
p386
aVLife i$nt fair $o why $hould love be? Fuck u and ur emotion$!
p387
aV  keshasuxx UR $O AMAZING D lt;3  
p388
aVNewsflash @AboutToDie_Guy! $ME is not a damp titty. lick carefully!
p389
aV@Above_Par lol Pardon her $wag g
p390
aV@daveowhite Dave $s are high in my horizon - which confidence needs restoring?
p391
aVfinger fckn is _ $O ova rated . lol
p392
aV  Darn you thinkgeek  your irresistible selection of awesome coolness Youve captured my $S again shakesfist worthyopponent  
p393
aV MY BIGGE$T FLAW I$ THAT IM #COCKY & FAR FROM #HUMBLE RARW :) IT$ HARD FOR ME CU$ I KNOW IM THE $HIT ! LMAOO . NA BUT REALLY I AM ! 
p394
aVNEW $WAG
p395
aV i $EE you lookin with ya lookin ass nxgga . . 
p396
aV  $WAG proper dougie   
p397
aVRT @YoSlimeee RT @SouthWrdGvnGsta Facebook $O ass...
p398
aVOh yup im getting my Apple Air Charger Today $wag http://lnk.ms/PWRxn
p399
aV my brother $O fucking $tupid =____= 
p400
aV  Im Talking Green Bitch All Bout My Money $D  
p401
aV  $WAG  Not sure there are any quot;operational issuesquot; just a WAG on my part I imagine building one processor    
p402
aV $hout$ Bitch$ making u* bu$t1 Cu$ it* aint me baby we $till not at that level hope $he fuck u* good cu$ #IWouldFuckYouRealGoodIfICould! 
p403
aV@JORDYVDBRINK jaa $AAR dit is een andere. De nieuwe. 125 euro:s lijk wel of ik betaal voor ping. Gebruik sms bellen amper:s
p404
aV @JayMacKillsZ @TixpsssyDoll 760 LI BWM :) $WAG ;' TEAR OF GAYNE$$ #PICTURESOUNDX2 
p405
aV  The beat $O phat  gonna make me cum  
p406
aVRT @DailyFXTeam: $CNY Non-manufacturing PMI JUL at 59.6, previous 57.0
p407
aVI'M $O 101... I DO THIZ $HIT FO' FUN... #IGotBarz
p408
aV  iPhone is $WAG   
p409
aVHOLY SODIUM HEXAMETAPHOSPHATE @ PEPSICO $PEP &lt;&lt; I AM #AMP.ED Note : not recommended for most Humans &lt;&lt; 
p410
aVEsta edicin de $C http://yfrog.com/gyni4ysj
p411
aV  $O Forgetful Lloydbanks  
p412
aV @TerrenceJ106 Thank You $weet Heart Im On The Morning Grind $WAG :) lol LOVE YOU TOO . via @YMLGDT @LaSGueraSDelTri @KardaShianLily 
p413
aV  zIPLININGggGGG hey yep gunna B $O fun ya bye swag girl out  
p414
aVRT @BadBitchAmadora: Don't Mean To Bust Anyone's Bubble Or Anything But YOU HAVE TO HAVE $$$ TO HAVE #SWAG. The Same O' $HIT You Wear Is ...
p415
aV  MegaNaughty $WAG $WAG  
p416
aV  39stHot My Nigga Hot $HOT step your tweet game up cuz  
p417
aV  UNFOLLOWERS ARE JUST TOO JEALOUS OF MY FRICKEN $WAG yeah  
p418
aV@_ihandleminez Naw I $aid I wuz 3atin $o u gotta wHip dat $Hyt & Handl3 dat
p419
aVCheck this video out -- Crazy $wag X Marilyn Monroe http://t.co/YglsxDo via @youtube
p420
aVTomorrow gon be all fucced up :'( $o Narrick. I love you cuz!!!
p421
aV  LMFAO WATCHING $OME VOUGING $HIT ON YOUTUBE LMFAOO OMG THIS IS $O MO   
p422
aV take a picture I wanna $EE RT @xoLifeAs_Jo: This lady over here  got some REALLY BIG boobs :O 
p423
aV  Obama is talking about putting $1000 $S in pockets of American familieshes talking about poor  ie welfare  
p424
aVRT @DeliTooLive: Lol Reall teee.. RT @malikbechilling: @DeliTooLive lol that shit $wag cuhh
p425
aV@xAik_ N!3T $O LKKR @L$ J!J
p426
aV  kkkk agatha e buninha Paiva e saionara e $AN  
p427
aVRT @QueThaTruth: @_CrazySwag: My name not crazy babie no more its crazy $wag thanks to my bro @kareem4mayor #TeamBMG #MilesHigh
p428
aVIm about to throw some $wag on #oomf
p429
aV  Super $o too EpicThrillsz lt;333  
p430
aV @JayMacKillsZ You $tarting To $ound Like Me* In 08' When I Live In #Norwalk Wit My Baby Daddy Eww He On My $ACK Lately ! No $WAG &gt;;/ 
p431
aV  Newz of the world down the fkng $UN to go  
p432
aV @DJRowdyA wha you know @ThemPRangers im glad i didnt get @ yo burn much na + ur my x$ cou$in $o that$ A* - 
p433
aV"@barbomatic @ceeskratch no worries, next month is $wag night. you'll go yonkers."
p434
aV"#NewYorkQuotes- ""Nobody in the world got $wag like us"""
p435
aV put my boys on pussy  doobies  clothes. and they gon do the $AME #loyalty 
p436
aV@illFlywithyouxx  adam sandler is da bomb!! i love that cute little man!! he rock$$ aww yeaaa!!!! he $o cute!! whaddup dawg!!
p437
aVRT @_omarrr: @Ingekoene_ ja ik hoop t ook $AAR k weet nie eens wie er allemaal in die klas zitte ddus :S//moet je ff aan patrick vragen
p438
aV $HE lit me in junlge ima hit her with that rottle snack . 
p439
aV  me working for  days so far this summer  50$$ $D  
p440
aV  RasmussenPoll  Think Banks Should Loan Only To Those Best Able To Repay  gt; So these rs wldnt loan $S 2PBODems  
p441
aV  Typng lyk dzz z $O my$pc3  
p442
aV  RT KushNatiion Everyone should follow my bestfriend ] WeLoveBravoLoui PopTartGang ShortGang  She got $WAG so follow her  
p443
aV  uniquebieber br0  like $WAG 0vErl0aD  
p444
aV must have another nigga $O I $hould be gone . . . 
p445
aVI'm dope .. So dope boy $WAG
p446
aVWith the $s involved congress will kick the can down the road once again. No bid contracts will keep our game of Risk going. @cspanwj
p447
aV  RT lilyg310 No interview$ $o dont a$k me bout $hit lol bueno$ dia today i$ gonna be A great Day Take it Home Babie$ Love LaSGueraSD   
p448
aV  RT LilithQueroC Mi hermano RT casi todos mis twtts $x  
p449
aV@strophicus $O u dont trust girls? #think
p450
aVDear dad, $enior year back at $chool! $imply can't think of anything I need, $O you can ju$t $END me a card a$ I would love to hear from you
p451
aV   RT SouthWrdGvnGsta Facebook $o ass  
p452
aV A* Li$t $WAG @Google Me Bitch - @LaSGueraSDelTri 
p453
aV I $moke to get high b/c the world is $O loww. 
p454
aV"Found my cookbooks when I was cleaning my office, wondering if I should make some kind of ""cook 1 new thing at home"" every $x goal"
p455
aV  No1 elze is bettr then yu  i kno u kan do bettr then me buh im bettr wit u $o u bettr $tay wit me  better $tay tru (  DavinaJoyDJ510  
p456
aV  slightlyaddicted to Rain lt;3 its $o sexy and peaceful and also soothing )  
p457
aV  JuliaGillardwe need the Banana fibre not your blasted Telecom fibre Give us the $3 per kilo stuff not the $X per kilobyte shit NBN  
p458
aV  Blondee Hair $WAG   
p459
aV  StreetFamilySF I fucks wit yall da looooonnnnnggggg wat dis $F shit tattd on me  
p460
aV @EvelynnGarciaa ye$ my love i will Thank You For $upporting The Browdie$ @ThemPRangers (: #RGOKY REPP$ !!! LMAOO $WAG HER OUT VIA ME* 
p461
aV what $HE wouldn't. Do for a dollar sign  WE DON'T KNOW .. o_O 
p462
aV  Boycott Jerry Springer For even offering  million $S to the Anthony family  
p463
aV"@Changd_Name2Dis doooo idgaf . fck dnt folllow meee _ uy followed me first aint folllowed yu $o byeee """
p464
aV @chanceknowitall Aww Love Happy Birth Day #BbyCake$ idunno You* But i Know Your Brother @pr_Langston lmaoo . (: $WAG - Lilyg310 
p465
aVagreed :) @thatgirl_bangg: Whoop $wag for us. We are cute RT @YaNiggahWantMe Are Some Good Yella Bones
p466
aV  me  tAzArnold got the same birthday tho fucking $WAG man happy birthday tho tAz you should wish me one too   
p467
aV#Swag ... Crazy $wag the new name !
p468
aV  truestory RT StaYThirStY NewYorkQuotes Nobody in the world got $wag like us  
p469
aVIn love wit* @TheRealJuliann Im Like Why Not! $O Hopp Off Fake Groupie$ $lut$! IDGAF GRAMMY WINNER X HUNNEY BLOCKED ME  http://lnk.ms/QW0Jb
p470
aV  SprinttooHIGH moneyhigh summer bash at the touch come through bring your $wag a few chicks lol tell a friend to tell a friend  
p471
aV I think $OME people could read my mind  LMFAOOOO 
p472
aV  SmoosieQ americnelephant colestreeper1 you still pay the tax on all sales  but everyone  rich  poor  gets a prebate for $X each month  
p473
aV  $wag Cash lemme get tht follow SouljaBoy  
p474
aV$O me & my boyfriend  on bad terms & me & my ex on good ones   tf do i do ?
p475
aVK. Heb niet geslapen $met een knuffel ofsow nee ik slaap met een wiskundeboek-_-'=D
p476
aV  RT LaSGueraSDelTri New pix up of me lilyg310   LasMasSueltas  Ki$$ing pablitobarrera $wag Take it Home  Tonight$ Game Baby $o u   
p477
aV"@IamEnygma @MaScarface approaching the 4000/- Bridge, CB has been selling $s this morning though.Short term remedy still."
p478
aVRT @Boobah_ Congrats bro RT @imtahj 6/20/2011 my beautiful baby girl was born . Aaliyah Angel Dimond . She's amazing - $WAG
p479
aV  RT BeAutySCuRse Super $o too EpicThrillsz lt;333  
p480
aVRT @mgeniolee: #ShoutOut#MustFollow 
p481
aV  stanto316 $WAG  
p482
aVGirls, Iono if they hav a new edition 2 da line but u r not the epitome of ken's woman. Maybe da Barbie from $TREE wit da big head. #Cheap!
p483
aV $HE hotter than a volcano &lt;3 
p484
aV@youngkruw nah itu dia..gw asli masih penasaran sma tuh orang..apa jgn2 staf $M nyaru tuh..klo Sone kyknya reaksinya terlalu kalem
p485
aV@mrvablay cikolata $ART :)
p486
aV@D_Will6 o yea we finna be workin fasho!! Its prolly gon be this Medical Warehouse... Hopefully.... They gettin paid 13.00hr smh $D
p487
aVI Know you looking ' $o how I look ?
p488
aV"&lt;? $a = ""bismillah""; echo $a; ?&gt;"
p489
aV @KiraaHere lmao  yea $HIT crazy 
p490
aVPhoto:  $wag HIM out . http://tumblr.com/xpp34pzqfr
p491
aV  Ayyee talkiing with a abbreviation is $WAG  
p492
aVWHT ARE YOU USING ANY $GOOG PRODUCT THAT IS CONNECTED TO SEARCH &gt;&gt;&gt; #MARKETING ??? YOU SCREW UP SEARCH. LIKE I DO.
p493
aVPhoto:  $wag HIM out . http://tumblr.com/xpv34plvg6
p494
aVkeep my  tight: @lxck_E_kxcks @Jumpoff_Jr_Jays @manbe_Eazy $M !
p495
aV  JUSTLetMeIN lolaww yea uma $WAG thru dat hoe   
p496
aV  RT DarnellRobinson $WAG  
p497
aV  ShortDudes pull hoes  $WAG  and got hops  
p498
aV  $WAG  nice WAG Ed   since its only us  blind men WG I going not see the rules lol   
p499
aV and the battle between redbone vs yellowbone vs brownskin ; who will win ? $OME may never know. 
p500
aVWhy $o harsh on da lady B lml RT @iiamBURBO: Fuck ur swag we got swang and groove RT @J_Hoffa516 $wag iz out ... http://tmi.me/bGsY2
p501
aV @TheRealJuliann Nice A* Where Can iGet Like A Dozen Copie$ (: lol $WAG DM Me* Kayy #HunnyB ;D $mooche$ via @YMLGDT @KardaShianLily &Company 
p502
asS'good'
p503
(lp504
VLong the Sep-11 169 $PUT RT @StockTwits great question... RT @ldrogen $GLD http://t.co/msai4dr   would you be long this chart?
p505
aVHere's $GOOG @Google's Plan To #Kill @Groupon In New York + San Francisco http://t.co/aMPZrlV #livingsocial
p506
aV
p507
aVGoogle buying Motorola Mobile and selling a tangible product?  It's the last nail in the coffin of the 90's. $GOOG $MMI $$
p508
aV$WFC Cyber Risk & Privacy Liability Forum Set for October, HB And NetDiligence Announce: 
p509
aVCyber Risk & Privacy L... http://bit.ly/qJmOvX
p510
aV  $WAG  Walgreen Stock Analysis  CCI is bullish    
p511
aV   $A level as market awaits US FOMC decision  australia sydney   
p512
aV  Is There a Growing Threat of Your Data Getting Breached  $MS $C   
p513
aVToday's All Things #Forex Broadcast: Are the CHF and JPY Bullish Trends vs. $USD  and EUR Still Intact? http://t.co/yPvlV7L
p514
aVRT @Bama_McKluskey: The trees died, $CAM lied, Roll Tide! #PureGold
p515
aVRT @traderstewie: $SPY http://t.co/GpDfSzd Watch the action within the 'BLACK BOX'. It's a bottoming formation until it's not.
p516
aV@Zslap21 @TSlap21 @bskop94 Yeah Yews, don't like soccer or waking up early on Saturdays, or tall women...sup Wicket?  f you $KOP #WINNING
p517
aVhttp://t.co/ZZ7aJ4w $CAT
p518
aVRT @daytradingzoo: $TLT sold my last 1/3rd at 106.51 for +17.61  .. just sayin &lt;&lt;great job holding on to it!
p519
aV   $A lower after Bernanke remarks The market took that positively and bought up US dollars and thats the reason    
p520
aV$WNR is zeroing out short seller accounts today. Bet against Le Fly for too long, lose your house, wife and all sorts of other shit.
p521
aVhad a great trading day today. will hold the following stocks overnight $AAPL $PSMT $JAZZ $HLF
p522
aV  $F Ford Expands IndustryFirst Rear Inflatable Seat Belt Offering   
p523
aV  $EEM  iShares MSCI Stock Analysis  ATR is bullish    
p524
aVRT @marcchaikin - Power Gauge Bullish $JNJ $HNZ mentioned favorably in Barrons - buy http://brokerz.com/_jY8D/
p525
aV  Meet the people responsible for the Financial Crisis of  $JPM $C $GS $BAC   
p526
aV@IDCplatformsGuy do u think $VZ app store will extend to other connected devices on $VZ network?
p527
aVGoogle CEO Larry Page explains reasoning behind Motorola acquisition (spoiler: patents) http://t.co/LLecLKo $GOOG $AAPL $MSFT
p528
aV   $A level as market awaits US FOMC decision The Australian dollar at noon was level was level with its Tuesday c    
p529
aVRT @innovinance: $SPY volume at 413M highest for the year - just exceeded the volume on 16-March - the sell-off following the Japan eart ...
p530
aV  Obama BinLaden Bought  shares of $DANG at $1361 on TradeKing   why  you ask Find out  discuss  
p531
aV$WIN Annual Financial Report http://www.noodls.com/view/A636206337DC2B0CE03CF993BC9B8D212F4691C3
p532
ag507
aV$GOOG buys Motorola. As former (grumpy) Galaxy S user, I applaud the merger of SW and HW. http://t.co/dmpDzAW
p533
aV   RT markwillacy Japanese gov to allocate  yen in initial compensation for nuclear disaster Thats $A     
p534
aV$CBOU offering
p535
aV@nobletrout And $MMI has 24,500+ patents.
p536
aV$PRTS U.S. Auto Parts Network, Inc. Reports Second Quarter Results http://www.noodls.com/view/7111F93E815F1900A7F9DEBDE0E2AF8163CD3D5A
p537
aV   Thurs Jun23rd Currencies Syd700am EURO 2nd time this wk fallen back from gt;  as Bernanke warned on default $A flat    
p538
aV@jimcramer Cramer, can you please explain to me why $SODA is tumbling after record earnings?? Its just not making sense to me..
p539
aVRT @InvestorsLive: lol, pumpers in full force on ihub w/ $IDCC .. it's a "buying opportunity" !! haaaa
p540
aV$PBR Spread close to the line.  OTM by 30c.
p541
aV  OptionAssassin ppearlman I am aware You and I are in the $F shortlong war Honestly  if people didnt do well this weekwell  
p542
aVTomorrow's ex-dividend dates: $ADM $AGN $MSFT $TGT $TRI and 18 more at http://t.co/6NpmUw7 $$
p543
aV  $F  Ford Motor Company added by bayjird    
p544
aV@Sqwii @DazeTrader  $NTWK setting up it seems, very close
p545
aVXBOX 360 expects to lead sales charts for 2011  #microsoft $MSFT http://t.co/LCh0C2W
p546
aVRT @BloombergNow: Google to Acquire Motorola Mobility for $12.5 Billion http://t.co/pwTLA3t $GOOG $MMI
p547
aV  $DANG added  in chatroom stop at  for  a daytrade  
p548
aV  TweetTradernet Sentiment $KMX  $F  $ODP  $YHOO  $GE  $S    
p549
aVRT @ihub_OTH: $VXX : Wow, what a day it was.  Things went from tank to green in only a few hours.  Almost looked like a bear raid o http ...
p550
aV@The_Real_Fly $WFMI
p551
aVRT @stevenplace: Theta Burn, Charm, and Opex Cycles: http://t.co/s7uRhES $SPY $$
p552
aVShrewd move-- Google buying Motorola mobile. $GOOG $AAPL
p553
aV$AAPL news:Zagg 2nd-qtr net income rises, revenue more than doubles on strong product sales | The Republic  http://t.co/6HDG71H
p554
aVRT @Kelly_Evans: Forget the iPad & buy AAPL share. Trading at $381, &lt;12x fiscal 2012 estimates and that's including the cash. $AAPL
p555
aV@herbgreenberg Under promise, over deliver! $SODA
p556
aVRT @BloombergNow: Airlines Risk Deeper Seat Cuts on Economy http://t.co/emjlrgp $ALK $AMR $DAL $HA $JBLU $LCC $LUV $UAL
p557
aVopened short $LULU
p558
aV@blackmarkt I'd like to see that gold sell off too......to reestablish my short double-short gold position $GLL
p559
aVRT @paidContent: Media obsessed by #hacking & ethics. What are $NWS analysts worried about so far? Pay TV. ~sdkstl
p560
aVRT @SellPuts: is cramer gonna talk about $SODA on the halftime report? @cnbc . im stuck long .. i bought base (cont) http://deck.ly/~47nms
p561
aVRT @ChartingStock: $SPY Nearing $120.08 Gap From Friday Aug 8 With Next Higher Gap At $126.17 From Aug 3-Daily Support $111.95 $110.27 R ...
p562
aVRT @bespokeinvest: Yesterday there were 210 Russell 1,000 stocks on losing streaks of 5 days or more.  Now there are just 3: $CVG $KWK $ ...
p563
aVRT @SeekingAlpha: Jim Cramer's Safe List to Ride Out the Storm http://seekingalpha.com/a/657g $ETN $GG $GLD $JNJ $NAT
p564
aVSamsung EU Tablet Ban Another Win for Apple http://tref.is/rrfIeB $AAPL $GOOG $MMI
p565
aVout $STI for 18.63, $TBT for 27.45. Cash.....never knows when this crisis is actually over....but keep my eyes open for better entry..
p566
aV  HedgefundPLAY dont forget $AKS $NUE  $X all gd steal plays but would like to see copper get back above  $FCX  
p567
aVRT @michaelbabad: Google to acquire Motorola Mobility for $12.5B. Details soon from Globe and Mail. $GOOG $MMI.
p568
aV@stt2318 I would say $LHO is rather short
p569
aV$BPAX : Huge public offering just over a week ago.  $48M @ $3.00 pps     http://t.co/g08oSfl http://t.co/cxHyzfK
p570
aV  RT BloombergNow Hyundai Confounds UAW With Good Factory Jobs  $F $GM  
p571
aV$CFBK offering $30 million in stock.... http://t.co/AcdFHJB
p572
aV  CarMax Group Earnings Beats Forecasts  $$ mkt $KMX $F $GM $TM auto cars  
p573
aVApple bites at RIM's core, opens retail store near BlackBerry headquarters: 
p574
aVApple bites at RIM's core, op... http://t.co/KDeuUQ1 $AAPL
p575
aV$LOCM trends http://stk.ly/pusRcV  :(
p576
aV1 on 1 with the Woman Wall St. loves to hate, but is right. $$ http://t.co/ZfdDOYD #bonds #bailout $C $GS $SPY
p577
aV$GLD moving
p578
aV   Thurs Jun23rd Currencies Syd 1030pm Mkts become ve again after 48hr reprieve $A  trading at 2mth lows    key   
p579
aVSouthwest Pilots Applaud Termination of SkyWest Codeshare - http://ow.ly/1tLRSG #airlines #unions $LUV #SKYW
p580
aV$GLD down 2% while #SPX up 5%, gold has a lot higher to go.  Euro bank and sov debt turmoil will push it higher.
p581
aVRT @RiCOYFELiZ: RT @CNNMoney: Apple 2.0: Apple is now the world's most valuable public company http://bit.ly/ngc2G6 $AAPL
p582
aV  $F staging a comeback  
p583
aV$VLGEA real time quote, 11:06AM EDT: 26.62 +0.69 (+2.66%).
p584
aV   Analyzing AllianceBernsteins Top Buys   $C $DOW $KR $LOW $MET $QCOM $WLP   
p585
aVBought back $TZA and $SPXU just before close.
p586
aV  Electric Vehicle Distortion Dont Let the Facts Get in the Way of a Good Story  $AEP $AVAV $ECTY $F $GM $NRG  
p587
aVNew @Forbes 'Fool Me Twice: Bank of America Plays Hide And Seek Using Fannie Mae" $FNM $BAC $JPM $FRE $C $WFC $GS
p588
aVWondering if $GOOG $MMI deal will attract antitrust interest. $SPY $QQQ
p589
aV  Lets again welcome LoewsHotels  Diamond Offshore $DO  the (failing) WIN America Campaign  HowLoewsCanYouGo  
p590
aV$SPY 121.0 would a close on the daily and weekly 3sd dev BB.
p591
aV  ZHCB Bummer I mean if a bank holds $X of GRE sov debt and $10X of GRE bank debt its still screwed  
p592
aV   $A softer focus on Greek austerity vote The Australian dollar was marginally weaker on Friday against the USgt;    
p593
aV  Ford pulse Ford Motor Company Common Stock $F Went Up Over  Connecticut Dealership Earns Ford Motor Company P   
p594
aVRT @TA_Trader: if $IWM finiishes up 6.66% today, I'm going to church this weekend
p595
aVRT @SAI: Sprint Cancels 4G BlackBerry PlayBook $RIMM $S by @stevekovach http://t.co/27aij12
p596
aV  $WAG  Walgreen Stock Analysis  volume down over     
p597
aV  $V  Visa Stock Analysis  CCI is bullish and rising    
p598
aV$SPY Coverd at 118.06 didn't get the larger downward move expected
p599
aV$BAC my brother kind of heavy but need some more breakdown IMO http://stk.ly/qU11a8
p600
aV  Xpound Mid Day Options Market Commentary for July 8th   $$ $F $SNY $SPY $TRW  
p601
aV   Stocks Using Cash to Pay Higher Dividends   $AWK $BBY $DUK $EDR $HIFS $IDT $MDT $NLY $O $PETM  
p602
aVMS down 15.2% ... what don't we know RT @Budfoxxxxx You would think there is another shoe to drop judging by the $MS chart
p603
aV$SPY : Wall Street Breakfast: Must-Know News
p604
aVJune 14, 2011  | about: AAPL, AMR, BA, BAC, C, CAR, CEPH, DAL, DTG, GLD http://bit.ly/jqrEYH
p605
aVRT @FortuneMagazine: One city, 22 fake Apple stores: http://j.mp/o8tSpW $AAPL
p606
aVRT @jennalee 
p607
aV@SAI: Here's Everything Google Just Bought From Motorola For $12.5 Billion $GOOG $MMI by @stevekovach read.bi/nDcjkD
p608
aV@alaidi Seems like $OIL also had the last word closing up strong coming into the end here above $85
p609
aVIs it 1984? Because $AAPL wants to turn off your iphone... http://t.co/u8rYPsn #wtf #tlot #censorship #justice #iphone #ipad
p610
aVRT @CNNMoney: Apple 2.0: Apple is now the world's most valuable public company http://bit.ly/ngc2G6 $AAPL
p611
aVNow Go Away RT @Reuters: Bank of America CEO says he regrets 2008 purchase of mortgage lender Countrywide http://reut.rs/ovlrD3 $BAC
p612
aV@cencio4 @milnews_ca @markm62 RT @bloombergnow: Pentagon Loses Contact With Hypersonic Plane http://bloom.bg/pd3nmV $LMT $ORB
p613
aVAs a result, wouldn't put too much weight on this positive day, selling part to secure profits and will continue to hold $BIDU overnight
p614
aV  Raging with the best friend before he leaves for $HAL champaigncocaine  
p615
aVRT @MFGRilczyszyn: $MAY want to cover short gold...bouncing of lows ,
p616
aV$YMI still acting sick.  Gets hit on the down days and is weak during the up days. Not a good combo.
p617
aVRT @margbrennan: RT @JonErlichman: Google buys Motorola Mobility for $12.5B $GOOG
p618
aV   National News $A level  kangaberries u bought $US yet Something to watch I guess   
p619
aV$SPY ($127.70), 6/14/2011, current max pain strike price: $131.00.  Put/Call ratio: 1.686. #SPY
p620
aV  $X trying to break the  lvl  
p621
aVRT @bricktop13 $DMD and $GOOG Renew and Expand Global Advertising Relationship Through New Three-Year Agreement.
p622
aV@OptionRadar was going to also mention $VXX "outperforming" $VIX not exactly unusual on any Friday....oh wait, just mentioned it
p623
aVshedded some losing positions to allow for long $DHRM and $BWOW(W) headliners for Monday.  Both should be in play one direction or another
p624
aV  Earnings growth cooled in second quarter  $C  
p625
aV$MOLXA real time quote, 11:35AM EDT: 17.21 +0.89 (+5.45%).
p626
aV  RT ReformedBroker THE GOOD LEADS  starring Advisor1Wealth AllStarCharts Halah dragonflycapital newsfromIN $O   
p627
aV   optionmonster $C first time in a while it hit $40   
p628
aV  Cramers Lightning Round  Your Phone Bill Will Go Up But So Will Verizon (62211)  $X $NUE $AKS $VZ $BIDU  
p629
aV@traderstewie VIX Suggests Investors Don't Believe Today's Rally Is Sustainable http://bit.ly/pCHMCD $CVOL $IVO $IVV $SPY $TVIX $TVIZ $VIIX
p630
aVTHE TRUTH ABOUT THE GOOGLE-MOTOROLA DEAL: Google Had To Do It--And It Could End Up Being A Disaster $GOOG by @hblodget http://t.co/qjeTPE2
p631
aV$IMKTA real time quote, 10:53AM EDT: 14.34 +0.14 (+0.99%).
p632
aV  RT BloombergNow Ford Plunges to 23rd in AutoQuality Survey  $F $GM $MHP  
p633
aV  $F Trading Activity Alert for Ford Motor (F)  Trading Activity Alert for Ford Motor (F) AVAFIN   minutes ago    
p634
aV  Candlestick Doji Pattern stock chart pattern  $BJ    
p635
aV$PCRX May consider a tiny position next week if this goes lower.
p636
aV  Commented on  Recommended REITs  $ARE $FRT $HCN $O  
p637
aVRT @JackHBarnes: 6.66% coming up? $SPY $SPX $ES_F
p638
aVSomeone sold me 10 shares of $CLSN at 2.97. Really?
p639
aV  Ford pulse Ford Motor Company Common Stock $F Down Past  Hot Option Plays Market Reacts To Unemployment    
p640
aV   $C The Plague of Black Greek Debt Punishes Banks   The Plague of Black Greek Debt Punishes Banks  Seeking Alpha     
p641
aVPotash Corp., Mosaic Rise After USDA Cuts Corn-Yield Forecast http://t.co/yy0Y8AB $MOS $POT
p642
aV  Sold $F at  Tired of it acting poorly  
p643
aVLooking for a gap fill to 8 on the $BAC I bot yesterday.
p644
aV$IDCC share price drop. $GOOG buying $MMI for 63% higher than last fri's close! That's a $15 increase!! Congrats to all who bought!
p645
aV  Ford and GM Driving Your Portfolio Returns  $F $GM $DIA $IYT $TM $DDAIFPK  
p646
aV  RT SADividends Dividend Stock Analysis Realty Income  $O  
p647
aV$TXN now into NFC http://bit.ly/pYRglv lots of competition for $NXPI and others
p648
aVRT @CMEGroup: You can subscribe to all our news from our RSS feed of press releases: http://ow.ly/60raI $CME
p649
aV$SPY news today "not as bad as feared" is the spin & w/ mkts oversold we'll rally. $$
p650
aV"@BloombergNow: Google to Acquire Motorola Mobility for $12.5 Billion http://t.co/nJ3LjAM $GOOG $MMI"
p651
aV$QCOM real time quote, 11:34AM EDT: 49.16 +1.90 (+4.02%).
p652
aV$CBOU http://t.co/JEjrWkt Breaking out of channel, also new highs. Will look to get back in this trade on any pull back.
p653
aV  $F European Buyout Enhances Johnson  European Buyout Enhances Johnson Zackscom   minutes ago  Johnson Contr   
p654
aVim short $SPY here w a stop at 118.10.. out ebfore the close
p655
aV$SFUN = the $Z of China -reported good earnings, stock jumps, then sells off.  doubt $Z will see similar thing on 8/24  http://t.co/EU6Iq3D
p656
aV$OMX 21-25% short interest..
p657
aVThat'll teach me to get actual sleep. Can't even remember how much $MMI I've got. Afraid to look.
p658
aVHedged remaining long position $IAU  with $DZZ double gold short
p659
aVRT @businessinsider: Yahoo's Stock Is Wildly Undervalued $YHOO http://t.co/mKdv3j1
p660
aV...$FCFS + 7.2%, $V +6.7%, $GMCR +6.2%, $WYNN +5.5%, $NFLX +5% etc. etc.
p661
aV$NX real time quote, 11:33AM EDT: 11.43 +0.23 (+2.05%).
p662
aV   bank banking $A lower after Bernanke remarks The Australian dollar has opened a quarter of a U  bank29 banks   
p663
aVAdded a little more $CPLP exposure via call options, lottery ticket money, $CPLP120317C7.5 at $0.25
p664
aVLong some $NOK on $GOOG/$MMI acquisition
p665
aVGoogle to Acquire Motorola Mobility for $12.5 Billion http://t.co/xGXkwUM $GOOG $MMI
p666
aVRT @SeekingAlpha: Pegasystems' Strong Year Continues http://seekingalpha.com/a/65ev $PEGA
p667
aV  $MOS added to an ugly position of JUL  $CALL s     
p668
aV$SODA tanking! http://ning.it/nmI9tG
p669
aV@GantosJ $CLSN traded at/above this level the entire month of May without breaking, would this be considered support?
p670
aV  $P Short Pandora into Analyst Day  Spotify launch next week  To easy  
p671
aV@LeadEdgeTrader @herbgreenberg laptops are out tablets are becoming the new in. Zaggmate can't even stay on shelves I estimate .17 $ZAGG
p672
aV  still watching $DANG above vwap  
p673
aV$SU - Review the fundamentals by F.A.S.T. Graphs(tm): http://bit.ly/qpzD5K http://seekingalpha.com/s/16llz
p674
aV$COF - Capital One Stock Analysis - volume down over 5% - http://www.dojispace.com/stock-picks/capital-one-stock-price-COF.aspx
p675
ag507
aV  Sirius XM Lessons Learned and Ignored  $C $SIRI  
p676
aVshort $TZA so much better than long $TNA look at where they are compared to 4 days ago
p677
aV  another  trades added to the SMB PlayBook today $IP $WAG $JNPR $UA  
p678
aV  RT brokerzspx RT macroaxis  Ford pulse Ford Motor Company Common Stoc $F Fairly Down Lost  Winning in the Stock Market    
p679
aV  $V  Visa Stock Analysis  bearish stochastic crossdown    
p680
aV   RT BloombergNow Biggest Banks May Get Boost From Basel Bid  $BAC $BNY $C $GS $MS   
p681
aV$SPY Are Stock Prices Still a Leading Indicator?: 
p682
aVAre Stock Prices Still a Leading Indicator?
p683
aVSeeking Alpha - 1... http://bit.ly/mF8qv4
p684
aV  $AN  holds up trend  
p685
aV   $ Market Power Indicator (MPI) Buy signals include $EMR $LMT $MSFT $UNP $CL $BAX $ETR $SHLD $A $BRY $COH $DG $KEG investing nasdaq NYSE   
p686
aVExxon Mobil ends week most valuable U.S. company http://t.co/GfrOmll via @sfgate $XOM $AAPL
p687
aVYikes RT @iwintrader: something going on with $MS
p688
aVGood time for Icahn to put his new found $500 million from $MMI into $RRC or $WLT..both undervalued & attractive for accumulation here$$
p689
aV$S and $RIMM up after $MMI buyout by $GOOG. Telecom M&A coming? Lots of value there!
p690
aVRT @SeekingAlpha: 2 Stocks to Buy in the Automotive Industry http://t.co/YN1oJ0q $F $TSLA
p691
aV  RT gtotoy $X  Sector is hot and this one with its short interest at  could finally lift from Davy Jones locker  
p692
aV#BofA to exit int'l credit card business, selling Canada portfolio to TD Bank http://t.co/HKlWUpA #finance $BAC $TD
p693
aVSuddenly excited for GoogleTV's future, assuming access providers don't screw everything up $MMI
p694
aV  $ADM  $CALL Accumulator into Earnings  Vol Pops Blog   
p695
aV$SPY another ho-hum week in the market...looks like the battle of fear and greed is 110/119 for now.
p696
aV   Why  is much worse than   $C   
p697
aVMoelis & Co. keeps on trucking - adds 24k sq ft to Park Ave office; hires 16-year $CS media/telecom vet Kent Savagian in Los Angeles
p698
aVStopped out remaining 1/3 $RIMM avg +5%
p699
aV   Commented on An Epic Pair Trade Buy Citigroup and Sell Gold  $GLD $GDX $UGL $SLV $C   
p700
aV$MNKD Squeeze !!!
p701
aV$LUV Southwest Airlines Offers $40 One-Way Fares to Celebrate 40... http://www.noodls.com/view/AA4237DC2D9385420D454FDCA6D310B11987FC41
p702
ag507
aVRT @tlmontana: $SPY Buyers are Out = Buy those Dips. We are staying above 114.25. She Stays Above That She Goes Higher. Period!!!
p703
aV  guyadami If you want a strong stock $R Ryder has been resilent through out this recent down turn and now killing it on the upturn  
p704
aVRT @MichaelKudrna: Added back some $TWM near the close
p705
aV  $P Pandora still looks great for a down clown day This name is on my  watchlist  
p706
aVAll cash (again)  - except for $LULU stock (up 8% today)
p707
aV  $F after having trouble with resistance F now has broke below support   WORDEN  
p708
aV$GOOG Google to buy Motorola Mobility for $12.5 billion | Reuters http://t.co/nFci7dn via @reuters
p709
aV$USD Reid: Murry, Baucus, Kerry to be appointed to new deficit panel
p710
aV   $A strengthens on Greek optimism The Australian dollar was trading a third of a US cent higher after Greeces     
p711
aV$SPY Thank You Financials?: 
p712
aVThank You Financials?
p713
aVSeeking Alpha - 22 minutes ago 
p714
aVThe Financial sector hasn't o... http://bit.ly/lpYaqI
p715
aV  Ford Motor Company Common Stock $F Not Moving Sales of New Homes Slide  in May    
p716
aVI won't be surprise w/ any kind of positive news about $YHOO this wkend or next week after today's unusually strong move! Long Sept 13 $CALL
p717
aV$ROICW stock quote, 11:06AM EDT: 0.65 +0.00 (+0.00%).
p718
aVWld *really* like $LNKD to add a circles/groups feature. cc @linkedin #in
p719
aV$EZPW real time quote, 11:33AM EDT: 29.41 +1.14 (+4.03%).
p720
aV$CAT - Caterpillar Stock Analysis - ATR is bullish - http://www.dojispace.com/stock-picks/caterpillar-stock-price-CAT.aspx
p721
ag507
aV  Ford pulse Ford Motor Company Common Stock $F Went Up Over  Ford Motor Company (NYSEF) To Expand Seatbelt Changes    
p722
aVRT @SAI: The Best Gmail Labs Features That Will Help You Get More Done $GOOG by @ellishamburger http://t.co/zzZZDWo | I live by Googdocs
p723
aVThey're buying publicly for a reason. Read this. RT @ReformedBroker THE INSIDER BUYING LIE http://stk.ly/pisUU8 $MS
p724
aVThe $GOOG / $MMI deal seems like a great opportunity for $HPQ to license out #webOS
p725
aV  Price and Moving Average Crossover stock to buy  $BIG    
p726
aV   DTN Australia $A lower after Bernanke remarks The Australian dollar was a quarter of a US cent lower after US     
p727
aVRT @AdamG_SMB: worth a read if you don't know taylor rhythm http://bit.ly/jFXUB1 nothing is always right but gd framework $study $spy
p728
aVRT @LaMonicaBuzz: "I look forward to welcoming Motorolans to our family of Googlers. $GOOG CEO Larry Page doing his best to prove how a ...
p729
aVSold $RES Sep 30c/20p Strangle @1.45 against Stock, called away above 30 assigned more below 20, in between, lowers cost basis to 18.30
p730
aV5 Defensive Dividend Income Stocks http://seekingalpha.com/a/5vyx $DLR $GOV $MO $PM $SNH
p731
aVYou said it!! RT: @CreateCapital OMFG. $MMI
p732
aV  RT ihub1UZ $WAG  WAG struggling to break that $43 resistance from yesterday again   
p733
aV  $F Is this Electric Car Companys Bankruptcy a Troubling Sign for Autos  Is this Electric Car Companys Bankru   
p734
aVlong $GOOG this is going to kick some a$$. Good job Larry.
p735
aV  InterDigital Will Continue to Thrive  $F $IDCC  
p736
aVVideo: Anthony answers #stock ?s from #Facebook & gives market warning. $C $BAC $NCIT $SGIM $CSCO $GA http://on.msn.com/RJU
p737
aV91.4% of stocks are above todays open and yesterdays close.
p738
aV3.9% are below both.... But only 21.8% are above yesterdays high.
p739
aV11:52 $SPY
p740
aV  stocknova  Offshore optimism boosts $A    sentiment  Positive  
p741
aVnews coverage of my problems with Bank of America in #SantaBarbara yesterday http://t.co/oRZ5BXa #BAC $BAC #BofA
p742
aV  RT SeekingAlpha  Story Stocks Part  Why I\u005cm Bearish on Netflix and Research In Motion  $AAPL $AMZN $F   
p743
aV@amaeryllis @The_Real_Fly....$GS $MS pawned that little town. Went in and Moziiloed them without tanning lotion #themathsucks
p744
aVRT @herbgreenberg: My first, knee-jerk on $GOOG $mmi: Who buys $rimm? And if $MSFT does -- right or wrong.&lt;-yup, $RIMM is floundering now
p745
aV$DPZ postponing early re-fi of its existing securitized debt due to "the volatility in the financial markets"
p746
aV  short $C puts  
p747
aV  Gas went up $20 in two days $SMH  
p748
aVHELD - Core L: $NPTN @ 6.95 & $LRCX @ 42.29 (110%). $AOSL @ 11.47 & $IFON @ .80 (100%). $GNK @ 10.85 (75%), $IPAS @ 1.37 (30%), $WYY @ .65.
p749
aV  $F  Ford Motor Company added by Gomez326    
p750
aV@JamilD $GOOG down 3%
p751
aV  JD Power needs to update surveyComparison of advanced technology cars with traditional cars unfairComplexity is expectedA new standard $F  
p752
aV$SPY trying a short here. Tight stop
p753
aV  $T Fans Stay Connected at DBacks Games With Expanded Wireless   
p754
aV@upsidetrader Never mind my dumb question, I just went and looked it up on their website. $BGU underlying is Russell1K $RUI
p755
aV$CSCO WLAN(Wireless Local Area Networking) strength +14% qoq obviously has good implications for $ARUN, keeping Long from Tuesday
p756
aVBulls defend 38.2% Fib & -20% bull/bear line, both ~1100. Need weekly close &gt;100wk SMA ~1183 & month &gt;12mo SMA ~1262. Tall task. $SPY $SPX
p757
aV  Ford Motor Company Common Stock $F Not Moving Ford (F) GM (GM) Hold Strong Amid Market Sell Off    
p758
aV$GOOG to acquire $MMI wow
p759
aVPepsi offers investors predictable profit growth and healthy dividends. $PEP $KO $HNZ $KFT $GIS $BRKB http://t.co/NdbF8Ki
p760
aVEurope on the Brink of Systemic Banking Crisis as US 2008 http://t.co/Dmv5Hqf Does EU push US into recession? $SPY $SPX $DIA $VIX $TLT $SDS
p761
aVOk now this is spam RT @BetterTrading: My take? We get another face ripping rally tomorrow $SPY
p762
aV  RT alphatrends lotta green closing ETF numbers   $SPY $QQQ $SMH $XLF etc  
p763
aVExponential Moving Average Crossover: stock to watch today - $C - http://www.dojispace.com/stock-picks/citigroup-stock-price-C.aspx
p764
aVRT @SAI: LARRY PAGE: This Is Why We're Spending $12.5 Billion On Motorola $GOOG $AAPL by @jyarow http://t.co/o5Kk4Dr
p765
aV   Goldman Sachs Hedge Fund VIP List worksheet  $ANR $BAC $HPQ $GOOG $CHK $WFC $CSCO $C $APC $JPM $NOV $F $MET $YHOO $SLB   
p766
aV   $A lower amid more Greek jitters  australia sydney   
p767
aVCan the overall mkt rally if both $GOOG and $AAPL end up down on the $MMI news? $ES_F $SPY
p768
aVThe @chartingwallstreet with v Nice Technical Studies + Fibs of Sector ETF's http://stk.ly/qKvcd4 $XLE $IYM $XLF $XLI $XLY
p769
aV$ULGX stock quote, 2:55PM EDT: 0.78 -0.09 (-10.25%).
p770
aV$IWM set to breach lower MA Channel. Chart update from this morning.  http://chart.ly/dbwowte
p771
aV  $C Citigroup PRICE ALERT   min EMA lines tight tight price  $388 now (pre rev split) going for $250 ($25) $SPX zerohedge  $XLF $SKF  
p772
aV$THQI Congratulations to all of you that took advantage of this pick  !  Tomorrow, the stock might go above $2
p773
aVRT @bespokeinvest: Thank you Financials!  http://t.co/U8x12SO
p774
aV  $$ $SPY $XLF
p775
aV@scott53 Reason enough...not a fan of any casino stocks except maybe $WYNN
p776
aVRT @MarketBeat: http://t.co/OuTJdp1 Apple Briefly Passes Exxon Mobil in Market Cap $AAPL $XOM
p777
aV   Would like gun with your short sale  opesr $bac bailout $gs 2ndamendment endthefed $GS $wfc $c   
p778
aVNASDAQ-100 AHI at 2163.07 (up 0.11%) movers: $FSLR, $MRVL, $ATVI, $CHRW, $CMCSA http://bit.ly/aWWlH8 #nasdaq
p779
aV$AAPL news:Apple Became Top Smartphone Maker World-Wide In 2Q -IDC  http://bit.ly/rtwZOj
p780
aVRT @StockTwits: Lots to talk about with @alphatrends today on http://stocktwits.tv immediately after the bell. $SPY $SMH $QQQ $IWM
p781
aVRT @herbgreenberg: My first, knee-jerk on $GOOG $mmi: Who buys $rimm? And if $MSFT does -- right or wrong move? Lots to think about. #CNBC
p782
aVRT @market0000: RT @HedgefundPLAY: Google to Acquire Motorola Mobility for $40 per Share - http://t.co/LnykBH7 $GOOG
p783
aV  $WAG   day low $SPX zerohedge  
p784
aV$TVIX day trade sell sig at3:33PM,@ $39.66.. when RSI 3 was at99.47 and +DI crossed above 50
p785
aV  $L  Loews Stock Analysis  bullish stochastic crossover    
p786
aVRT @MichaelKrey: Cisco $CSCO hasn't risen first day after quarterly earns report in a long time, but looks like it will Thurs. http://t. ...
p787
aV$C HSBC Holdings Sells Russian Banking Business To Citibank: 
p788
aVHSBC Holdings Sells Russian Banking Business To Ci... http://bit.ly/jb79La
p789
aVNew stops after European market close: $FTSE 5.100 $DAX 8.720 $CAC 3,020 SMI 4990 $STOX5E 2190
p790
aVRemember when $CVM bragged about how it was going to make lots of $ subcontracting out its "cold fill" mfr facility? &lt;crickets&gt;....
p791
aVNetted $300 today but left over $750 on table! Nailed the entry in $TNA @ $40.00 but sold too early @ $42.6ish ...wish I held that BITCH!
p792
aV$GOOG buys Motorola Mobility for  $12.5B, http://t.co/I8fSiar $MMI, #Google, #Motorola
p793
aVGood writeup on $DIT - http://t.co/39y57Gj back down near my entry point (my original article - http://t.co/cdnJKEn)
p794
aV  $A higher after EU rate rise  US jobs data  SMHnews    
p795
aV  $C sinking fast toldya  min says $30  $SPX zerohedge  
p796
aV10 Cheap Warren Buffett Stocks http://t.co/Up29z3n     $BK $GCI $GE $IR $MTB $PG $UPS $USB $WFC $WMT
p797
aV"@tlmontana: $SPY Think The Fun Is Over For Now! Don't Let Those Profits Get Away!"&lt;--- Great call!!
p798
aVRT @nelderini: I'm offering free, unlimited Adderall for everyone calling this 3% correction in $GLD a "flash crash," a trend, or a bubb ...
p799
aV   JMP SECURITIES CUTS Q2 SHR VIEW FOR $JPM JPMORGAN $BAC BANK OF AMERICA AND $C CITIGROUP ON WEAKER THAN EXPECTED TRADING CONDITIONS   
p800
aVPutting $SPY on BullWatch Positive for the next 3 days
p801
aV  $A dumps  
p802
aV  $DANG long a bit here at   
p803
aV  Expiring Monthly Is a Great Read for Serious Options Traders  via ppearlman $PUT $CALL  
p804
aV  $BJ  BJs Wholesale Stock Analysis  Doji Candlestick Pattern    
p805
aVCommented on: "Bank of America: Rumors Provide Rare Opportunity" http://seekingalpha.com/a/64l7 $BAC
p806
aVThe up and down swings are getting smaller $SPY expecting a big swing up or down soon
p807
aV  Bearish Stock Candlestick Evening Star stock chart  $O    
p808
aVVolume today just over 1/2 of what it was on down days.  Observation. $SPY
p809
aV$AAPL will rise going into launch of the iPhone5
p810
aV@beststockblogs Thanks for the mention on $EXR sustainability initiatives.
p811
aVI expect gold to come down a little in coming days, then continue rise. Nothing's changed in econ.  Long $IAU $GLD
p812
aVShort $RIMM to $0 RT @dj_monst3r RT @msuster Blackberry browser, how does thou suck? #RIMGetYourShitTogether #OrDeathInevitable
p813
aV  Someone just got a simple quote on $S simplestockqtes   
p814
aV   DTN Australia $A strengthens on Greek optimism The Australian dollar was trading a third of a US cent higher     
p815
aV  $C  Dividend Warriors Fighting for Higher Yields   Dividend Warriors Fighting for Higher Yields Seeking Alp   
p816
aVTime to exit out of $GLD at least temporarily
p817
aVNetApp, Inc. First Quarter Earnings Sneak Peek http://t.co/gL90XVc $SPY $NTAP $EMC $IBM $HILL $BRCD $WDC #mkt #stocks
p818
aV@KavyanjaliK @reuters bad new for $RIMM good for $AAPL
p819
aV$UNM - Unum Group Stock Analysis - volume down over 5% - http://www.dojispace.com/stock-picks/unum-group-stock-price-UNM.aspx
p820
ag507
aV$CNBKA real time quote, 10:55AM EDT: 25.94 -0.56 (-2.11%).
p821
aV  Story Stocks Part  Why Im Bearish on Netflix and Research In Motion  AAPL $AMZN $F $NFLX $OPEN $RIMM  
p822
aV   Recommended REITs  $ARE $FRT $HCN $O  
p823
aVTri-Tech Q2 earnings call is about to begin! Dial in instructions are here: http://t.co/yB4kylX $TRIT #stocks #green #trading #nasdaq $$
p824
aV$SPY : sa&lt;&gt;Big-Time Flight to Safety
p825
aVJune 14, 2011  | about: DIA, QQQ, SPY
p826
ag507
aVhttp://seekingalpha.com/a http://bit.ly/jHbYI6
p827
aV  $IP  International Paper Stock Analysis  CCI is bullish and rising    
p828
aV@dkovalev $RIMM is next. Either $DELL or $MSFT. $NOK and $S maybe go soon too.
p829
aVCHART OF THE DAY: Bullish Bears http://t.co/vtSOUHp our Risk Management Range for the SP500 $SPY
p830
aVPower half hour.. what's going to happen? #irrational $SPY
p831
aV  Recent stock upgrades and downgrades including $RIG $PNC $WAG $PLD $NVE $ZX    
p832
aVRT @gtotoy: $SPY http://chart.ly/k33hhtk 60Min~131.42 is major resistance. With sup @ 126.00. 1st target is the 38% re-trace @130.00
p833
aV$BAC at the crib, been tired all day, so its bout that time to lay on down..$
p834
aV$AAPL up $20 freeky crazy rally
p835
aVcould $AAPL buy $rimm?  if not them then who?
p836
aVGoogle is buying Motorola Mobility: http://t.co/8OMcrYQ. Shares of $MMI up 60% premarket. Crazy.
p837
aV$PCYC added to short watch list
p838
aVRT @YahooFinance: Time Warner Cable to buy Insight Communications for $3 billion http://t.co/diutVBp $TWX
p839
aV@jimcramer Great shout about the social media issue $AAPL v. $GOOG & $RIMM In fact I think BBM is one of the main reasons ppl choose BLKBRYs
p840
aVlong $TNA 41.65
p841
aV  $A higher after EU rate rise  US jobs data US markets were buoyed by better than expected figures on US job cre   
p842
aV  Missile fuel cleanup RT MarketCurrents Halliburton says  Oklahoma water wells contaminated by chemicals  $HAL  
p843
aV@marketfolly: Seth Klarman's Baupost Group starts new positions in $MSFT $BP $CPF $IDIX in Q2
p844
aV  Out of $LDK  (417) and $DANG  (2082) Since  Nibbled some new $LDK  
p845
aVRT @MacRumors: No Apple Media Event on September 7th http://t.co/iEJBcTD $AAPL
p846
aV  $CALL  I dont for along while But if I had too Nothing less of $00333When Babe Ruth point to the left field ble   
p847
aVpumped about my $LNKD purchase at 82
p848
aVYes, there are big concerns about #bank sector. But analysts Jim Sinegal & Erik Oja agree $JPM and $USB are buys for LT investors. @bizrpt
p849
aVRT @ex_wirehouse: Somany of my co workers bailed out of $C to $BAC...swapped one 6 dolla stock for another.....#workingtill90yrsold
p850
aVFord pulse Ford Motor Company Common Stock $F Shot down To Over 4%. Stocks Yielding Trader and Investor Demand Today:  http://bit.ly/qVIBqe
p851
aV$HAL 46 weekly C expires worthless. Will look to sell Aug monthlies for opex on Friday.
p852
aVRT @traderstewie $SPY http://t.co/PxC8GEP  Watch the action within the 'BLACK BOX'. It's a bottoming formation until it's not.
p853
aVOut 1/2 $RDN 2.7 from 2.55
p854
aVSuck on it AppleSoft - Google pulls a rope-a-dope with #motorola buy.. $AAPL $MSFT $GOOG http://t.co/p5C0E8r
p855
aV   $A lower after Bernanke remarks The Australian dollar has opened a quarter of a US cent lower after investors b    
p856
aV  Reading $F putting F150 sales back on top  Ford F150 EcoBoost V6 Success a Pleasant Surprise (  )  
p857
aVWatching $RIMM here up in pre market on this $MMI $GOOG news.
p858
aV$GOOG buys patent portfolio and gets Motorola tossed in as kicker. MM has more than 17,000 patents and another 7,500 pending. @omarelakkad
p859
aV$$ One of my rules was to get out when the volatility and the momentum became absolutely insane.&gt;Michael Marcus /Market Wizard $study $SPY
p860
aV   federal reserve $A lower after Bernanke remarks O    
p861
aVRT @ihub_1UZ: $WAVX : 
p862
aVwavey
p863
ag507
aVThe last trade @ 4:00.00 was $2.58!
p864
ag507
ag507
ag507
aV16:00:00  $ 2.58   100 15:59:59  $ 2.58  200 15:59:59  $ http://t.c ...
p865
aVOne fuels bits, the other fuels atoms -- $XOM rallies to close ahead of $AAPL as most valuable company in the world: http://t.co/vAIb9E2
p866
aV$BGG perspective: Aug '09 co. guide EPS $0.80-$1.01, stock at $17-20 over 6-mos, now guide to $1.00-$1.25, stock at $12.70, buyback divvy
p867
aV$KLAC chart shows bearish signs - Yahoo! Finance http://t.co/lxMguL8 via @YahooFinance
p868
aV  Latest stock movers among TK traders $RIMM $F $SINA $CAT $DE $AGNC $LULU More here   
p869
aV$ENP shorty on watch; last 20.19
p870
aVGood Morning!  I thought it would switch, but Decision Moose is still holding $GLD : http://t.co/dmdr5LI
p871
aV@Kapitall_Tools - is that turnover at $TLM or total # of employees per year?
p872
aVCommented on: "5 Stocks With Long Term Gains That Will Exceed Short Term... http://t.co/W6RqDKS $VPRT $VHI $TZOO $ACUR $FFIV
p873
aV$GOOG $MMI deal has 2.5B termination fee!   Best of luck with the FTC - Leibowitz is salivating already
p874
aVStupid things that make me laugh - sending emails w/inappropriate subj lines to friends at work $YHOO $SBUX $AAPL $GOOG -ur welcome
p875
aVRT @SAI: THE GOOGLE INVESTOR: Google's Core Features Still Rule The Internet $GOOG by @hleonard76 http://read.bi/pFncSZ
p876
aV  Watchlist June   $WAG $WFM $AEM $$  
p877
aV$$ S&amp;P 500 finally closes above resistance level of 1173. Next up: 1225 $SPY $SPX
p878
aVRT @businessinsider: "Open" Google Accuses Microsoft Of Revealing "Confidential" Source Code $GOOG $MSFT by @MattRosoff http://read.bi/q ...
p879
aV  Car Stocks are Ready to Rise Like Oprah is Buying Again  via harmongreg $F $TM $GM  
p880
aV  High Volume Stock stock on my list  $AN    
p881
aVRT @CNBCVideo: Herb's Stocks to Watch http://t.co/z904Pfu  $DV $NAV $SODA #StreetSigns
p882
aVAT&T Invests in Mobile #Security Services for Consumers,
p883
aVBusinesses with #Juniper: http://t.co/cPlbnVL [press release] $JNPR
p884
aV@HCPG Thanks, I'll throw out a 118 $SPY limit order for fun too. :-)
p885
aVShorted $SSO to hedge long term portfolio overnight.
p886
aV  sold half my $ONTY from this morn  
p887
aV  RT ihub1UZ $WAG  Looking at individual items of interest Walgreens (WAG  190) finished the day down  after reporting     
p888
aVInsider Buying: CEO's of the following companies have bought stock within past few days: $GGP $LIFE $SIX $KBH $FUR $MF $CELG $CNA $KCG $HW
p889
aV@stevenplace I agree. Most don't understand how the short-term futures roll over. I rarely trade $VXX
p890
aV$HAL - Halliburton Stock Analysis - 10day moving average is down - http://www.dojispace.com/stock-picks/halliburton-stock-price-HAL.aspx
p891
ag507
aV  $AN is one strong stock  
p892
aV  Will These  Company Earnings Spark a Rally or Sell Off  $WAG $CCL $BKS stocks mkt  
p893
aV  $C Finance Stock Review for Citigroup Published on MicroStockProfitcom Finance Stock Review for Citigroup Pub   
p894
aV@shefaly apart from the fact that $GOOG has pissed off DOJ/FTC & their European equivs, don't see risk for this fm biz POV @freegeek
p895
aV  RT FOSSpatents Eastman Kodak shares going up (last hour of trading) possibly due to rumors of huge settlement with Apple andor RIM $E   
p896
aV  Someone just got a simple quote on $f simplestockqtes   
p897
aV$cbou gonna hit 20 or more. just watch
p898
aVRT @kennedy_will: Transocean's $1.4 billion bid for Aker Drilling adds two of the world's largest rigs to teh $RIG fleet: http://t.co/eE ...
p899
aV$TECUB real time quote, 11:28AM EDT: 7.50 -0.18 (-2.34%).
p900
aV  Commented on Can Karmazin Keep Sirius XM Above $2 per Share  $GM $F $HMC $SIRI  
p901
aV$SODA getting crushed.  Old story of buy on rumor sell on news or is it due to short float?
p902
aV  $F Ford India Delivers  000th Figo; Vehicle Sales Up  for the Year   
p903
aVRT @HCPG: Random Thoughts  $SPY  http://stk.ly/nUMzzL  exactly ! :-)
p904
aVRT @vhernandezcnn: BREAKING from CNNMoney: Google to acquire mobile phone maker Motorola Mobility for $12.5 billion $GOOG $MMI
p905
aVUpgrades $AH $DIOD $DRYS $FE $MAS $OMCL $VTR , Downgrades  $AAP $CSCO $GRB $JNPR $SPWRA
p906
aVRT @CNBC: Moynihan-BankofAmerica Will Have Adequate Capital To Meet Basel III $BAC &lt;&lt;Issue..will other banks handle BAC counterparty risk?
p907
aV   RT ryandbaird $C breaks opening range to the upside   
p908
aVdamn $ISRG gave it all back, no position
p909
aV  $F Story Stocks Part  Why Im Bearish on Netflix and Research In Motion  Story Stocks Part  Why Im Beari   
p910
aVRT @tradingpoints: $SPY http://chart.ly/ug9xcbs S&P weekly & monthly picture
p911
aVRT @chrisbrunner: Started shorting the VIX just before market open via $XIV.  $XIV is up 5%, but I would love some bad news so I get an  ...
p912
aVRT @SeekingAlpha IMAX Has the Movie Industry by the Throat http://t.co/cBf50xo $IMAX
p913
aVRT @macheterosforvr: $CAT @ 2 day low! $SPX @zerohedge
p914
aVCommented on: "Second Quarter Earnings in the Bakken" http://seekingalpha.com/a/64ox $BEXP $HES $WLL $CLR $EOG $NFX $DNR $SM $KOG $OAS $REN
p915
aV$SPY what is first 112.50 or 122.50?  My guess is Europe kills us over weekend and we see 112.50.
p916
aV$CSCO profit taking
p917
aVGilead says its experimental quad drug is as effective as Atripla http://t.co/gfPf9yT #HIV #AIDS $GILD
p918
aVI would caution everyone against overestimating the strength of Motorola Mobility's patent portfolio. Apple and Microsoft sued $MMI anyway.
p919
aVBlog Post:  Here are a few things about the $GOOG / $MMI deal that the media won't think of till later in the week.  http://t.co/eAfKoXA
p920
aVRT @indrahajar: RT @BloombergNews: Google buys Motorola Mobility for $12.5B $GOOG
p921
aV@cnbcfastmoney  What do you think of $DZZ ?
p922
aVThe first U.S. chain restaurant has opened in Bosnia. They are also planning a drive-thru in September. Guess which restaurant it is? $MCD
p923
aV$FFBCW stock quote, 3:41PM EDT: 4.50 -0.16 (-3.43%).
p924
aV  $F Ford (F) GM (GM) Hold Strong Amid Market Sell Off  Ford (F) GM (GM) Hold Strong Amid Market Sell Off Stree   
p925
aVThe average daily change in price for Mastercard between Monday & Thursday was 8.7%. Absolute craziness. $MA
p926
aVXBOX 360 expects to lead sales charts for 2011  $MSFT http://t.co/z8y1kRP
p927
aV$VXX weekly 26 puts from .26c open to $2.02 here, +1525%, mamma mia: http://stk.ly/qbf2ik &gt;everyone having fun yet?
p928
aV$PVTBP stock quote, 11:08AM EDT: 24.96 -0.19 (-0.76%).
p929
aV  the USA pays   $A year to Cuba for rent Guantanamo Bay but Castro hasnt cashed any of the checks  
p930
aV@jppetranca %s misleading, $S better, $ vs GDP trend better still. Plus presidents only affect the delta of spending. Would expect better!
p931
aV   Big Stocks With Best High Yields    $YPF $ETP $STD $CTL $SCCO $WBK $TI $KMP $VE $NGG $E $EPD $TOT $WPZ $CPL $CIG  
p932
aV@aris4X also $DJIA and $ES typically repeat in NY morning what $FTSE did in the morning in UK morning despite seemingly similar wave counts
p933
aV  RT ez2vote  RT ihub1UZ $WAG  WAG struggling to break that $43 resistance from yesterday again   
p934
aV  RT SeekingAlpha Ford and GM Driving Your Portfolio Returns  $DDAIFPK $DIA $F $GM $IYT $TM  
p935
aVThe spread in $IDCC is so nasty right now though I most likely won't trade it on the open. Just saw it trading at half a point across
p936
aV$DMD and $GOOG Renew and Expand Global Advertising Relationship Through New Three-Year Agreement
p937
aV  How to trade the best short in the market right now  $F  
p938
aV  $S  Sprint Nextel Stock Analysis  volume up over     
p939
aV$GOOG buys $MMI for 12B cash.... +58% pre
p940
aVRT @Aloisius: Bubble? Who knows, but LinkedIn's Q2 looks good. Revenue up 120% Y/Y though today was a bad day for $LNKD to announce I think.
p941
aV@ColeSouth Did you end up jumping into anything today? I picked up some cheap $F calls. Man the market swings were killing me today.
p942
aVSERIOUSLY?? Sakit jiwa nih google  RT @peppeishaam RT @indrahajar: RT @BloombergNews: Google buys Motorola Mobility for $12.5B $GOOG
p943
ag507
aV@terranovajoe thought you were out of $CVI -- when did you get back in?
p944
aVRT @SAI: LEAKED: Here's A Photo Of Android's Next Major Release, Ice Cream Sandwich $GOOG by @stevekovach http://t.co/ii70ZHI
p945
aVRT @CNBCtopStories: Google to Buy Motorola Mobility for $12.5 Billion http://t.co/sDBnE4I  $GOOG $MMI #MergersAcquisitions
p946
aV  Stock Volume Leaders Ford Motor Co ( $F )  Price   Vol  News  trade investment F  
p947
aV@Urbanomical ikr .. i think $QCOM and $EMKR are going way higher , gotta pick ur spots carefully ..
p948
aVRT @SAI: At Age 30, Is The PC Dead? IBM And Microsoft Weigh In $MSFT $IBM by @MattRosoff http://read.bi/pLjBNE
p949
aVIn case you missed the PMPin action this morning on PreMarket Pulse: https://bitly.com/qlUS9t $VIX $IWM $SPY $$
p950
aVRT @ReformedBroker: $BAC needs to go easy on the free pens
p951
aVNo trades for past 3 days, waiting for dust to settle; only holding place-hldr positions $AEZS $BPAX $PLX $PATH We'll see what nxt wk brings
p952
aVTHE GOOGLE INVESTOR: Google's Core Features Still Rule The Internet $GOOG by @hleonard76 http://read.bi/pFncSZ
p953
aV$BAC buy all you can
p954
aVRT @pjain: Google buying Motorola Mobility for $12.5 billion to make android devices. Upping the ante against $AAPL
p955
aV  that was my $F public service announcement   SCTSuperchipsDiablofor your F150 Fiesta Focus etc etcnow stop complaining  
p956
aVRT @BloombergNow: Google to Acquire Motorola Mobility for $12.5 Billion http://t.co/OlyRoaV $GOOG $MMI
p957
aV    WedJun22nd Currencies Syd700am EURUSD on Greek confidence vote hit weekly highs at  but corrected to  $A    
p958
aV  Ratios on   of  $XLB (materials 6) components closed weakest vs XLB since at least 0100601 Mins $OI  $X  
p959
aVLarry Page promises after this, nothing changes. Business as usual for #Android, 'protecting the ecosystem & extending it.' $GOOG
p960
aV  RT Robotrader Meet the people responsible for the Financial Crisis of  $JPM $C $GS $BAC   
p961
aVRT @noodls_sConglo: $CPHC Canterbury Park Holding Corporation Reports Financial Results... http://t.co/8PQaW8C
p962
aVApple tops Exxon Mobil to become most valuable U.S. company: http://bit.ly/ppX7TC @networkworld And... it's still a bargain. $AAPL #business
p963
aVWent long $DZZ instead of $GLD PUTS. Less risk, less volitility and  time value isn't running out at an alarming rate
p964
aVAmazing and $EBAY getting mojo back RT @SeekingAlpha: ChannelAdvisor Same Store Sales for July  http://stk.ly/pVXJxC $AMZN $EBAY
p965
aV  $HAL  Halliburton Stock Analysis  CCI is bullish and rising    
p966
aV  RT macroaxis  Ford pulse Ford Motor Company Common Stock $F Somewhat Down Ford (F) GM (GM) Hold Strong Amid Market Sell Off   
p967
aV  Lot of poised plays  $AA $F $AAPL $CMI $WNR $AMRN $SINA $PCX  etc  
p968
aV$IMGN http://t.co/3k7AlEU On short watch.
p969
aV   RT JonErlichman Heres our full exclusive story on Billionaire Alec Gores weighing bid for EMI from Citigroup $C    
p970
aV  Someone just got a simple quote on $CALL simplestockqtes   
p971
aVMorgan Stanley off 6.4% $MS
p972
aV@valuewalk I agree. Hence I don't own $MSFT either. Of the big/old tech companies, I like $INTC the best. Decent valuation and dividend.
p973
aVRT @CiscoSystems: #Cisco Reports Fourth Quarter and Fiscal Year 2011 #Earnings | http://t.co/JrvkOyc | $CSCO
p974
aV$GOOG Buying $MMB makes sense. Google realized leaving the end user experience in the hands of the carriers was hurting the Android brand
p975
aV$SPY Retail, Producer Prices, Bernanke on Tuesday's Economic Calendar: 
p976
aVRetail, Producer Prices, Bernanke on Tue... http://bit.ly/kHlF7y
p977
aVRolled my four Dec $14 $WNR calls to Dec 17. Looking to purchase more Dec 17 calls with the proceeds on a pullback. In it to win it.
p978
aV  Watch howardlindzon Live Now with toddsullivan $F $XOM $IGOI $JMBA   8et5pt  
p979
aVRT @The_Real_Fly: $DECK FTW. Furry boots people. PLUS yoga pants $LULU quite a combination!
p980
aV  $FUN CEDAR FAIR UNITHOLDERS ELECT GINA FRANCE TO THE COMPANYS BOARD   
p981
aV  $F  Ford Motor Company added by Trishlikeme    
p982
aVweren't $GOOG hunting for mobile patents?... #justasking
p983
aV  ConorJRogers Half of the $T was spent on tax cuts not on stimulus Blindly spending $ isnt stimulus We havent tried actual stimulus yet
p984
ag507
aV@michiganwar $YRCW perkin up a bit- finally!
p985
aV  Commented on Story Stocks Part  Why Im Bearish on Netflix and Research  $NFLX $AAPL $RIMM $F $OPEN  
p986
aV  $DANG fill gap  This stock is in China so why we are worrying about  Back in long  
p987
aV  Family Dollar Stores Inc Third Quarter Earnings Sneak Peek  $$ mkt stocks $FDO $WMT $TGT $WAG $CVS  
p988
aVIn 350 $BLTI overnight
p989
aVExponential Moving Average Crossover: value pick - $UA - http://www.dojispace.com/stock-picks/under-armour-stock-price-UA.aspx
p990
aV$TLT wicked top of range, 2010 highs, and $ES_F held higher low/made higher high but think longer time frames hold weight for reversals.
p991
as.